Archive member included to satisfy reference by file (symbol)

../app/libapp.a(main.c.obj)   (--whole-archive)
libzephyr.a(cbprintf.c.obj)   (--whole-archive)
libzephyr.a(crc32_sw.c.obj)   (--whole-archive)
libzephyr.a(crc16_sw.c.obj)   (--whole-archive)
libzephyr.a(crc8_sw.c.obj)    (--whole-archive)
libzephyr.a(crc7_sw.c.obj)    (--whole-archive)
libzephyr.a(dec.c.obj)        (--whole-archive)
libzephyr.a(fdtable.c.obj)    (--whole-archive)
libzephyr.a(hex.c.obj)        (--whole-archive)
libzephyr.a(notify.c.obj)     (--whole-archive)
libzephyr.a(printk.c.obj)     (--whole-archive)
libzephyr.a(onoff.c.obj)      (--whole-archive)
libzephyr.a(rb.c.obj)         (--whole-archive)
libzephyr.a(sem.c.obj)        (--whole-archive)
libzephyr.a(thread_entry.c.obj)
                              (--whole-archive)
libzephyr.a(timeutil.c.obj)   (--whole-archive)
libzephyr.a(work_q.c.obj)     (--whole-archive)
libzephyr.a(heap.c.obj)       (--whole-archive)
libzephyr.a(heap-validate.c.obj)
                              (--whole-archive)
libzephyr.a(cbprintf_complete.c.obj)
                              (--whole-archive)
libzephyr.a(ring_buffer.c.obj)
                              (--whole-archive)
libzephyr.a(configs.c.obj)    (--whole-archive)
libzephyr.a(soc.c.obj)        (--whole-archive)
libzephyr.a(stm32cube_hal.c.obj)
                              (--whole-archive)
libzephyr.a(cpp_init_array.c.obj)
                              (--whole-archive)
libzephyr.a(cpp_ctors.c.obj)  (--whole-archive)
libzephyr.a(cpp_dtors.c.obj)  (--whole-archive)
libzephyr.a(uart_console.c.obj)
                              (--whole-archive)
libzephyr.a(intc_exti_stm32.c.obj)
                              (--whole-archive)
libzephyr.a(clock_stm32_ll_common.c.obj)
                              (--whole-archive)
libzephyr.a(clock_stm32f2_f4_f7.c.obj)
                              (--whole-archive)
libzephyr.a(pinmux_stm32.c.obj)
                              (--whole-archive)
libzephyr.a(sys_clock_init.c.obj)
                              (--whole-archive)
libzephyr.a(cortex_m_systick.c.obj)
                              (--whole-archive)
arch/common/libarch__common.a(sw_isr_common.c.obj)
                              (--whole-archive)
arch/arch/arm/core/aarch32/libarch__arm__core__aarch32.a(swap.c.obj)
                              (--whole-archive)
arch/arch/arm/core/aarch32/libarch__arm__core__aarch32.a(swap_helper.S.obj)
                              (--whole-archive)
arch/arch/arm/core/aarch32/libarch__arm__core__aarch32.a(irq_manage.c.obj)
                              (--whole-archive)
arch/arch/arm/core/aarch32/libarch__arm__core__aarch32.a(thread.c.obj)
                              (--whole-archive)
arch/arch/arm/core/aarch32/libarch__arm__core__aarch32.a(cpu_idle.S.obj)
                              (--whole-archive)
arch/arch/arm/core/aarch32/libarch__arm__core__aarch32.a(fatal.c.obj)
                              (--whole-archive)
arch/arch/arm/core/aarch32/libarch__arm__core__aarch32.a(nmi.c.obj)
                              (--whole-archive)
arch/arch/arm/core/aarch32/libarch__arm__core__aarch32.a(nmi_on_reset.S.obj)
                              (--whole-archive)
arch/arch/arm/core/aarch32/libarch__arm__core__aarch32.a(prep_c.c.obj)
                              (--whole-archive)
arch/arch/arm/core/aarch32/libarch__arm__core__aarch32.a(isr_wrapper.S.obj)
                              (--whole-archive)
arch/arch/arm/core/aarch32/libarch__arm__core__aarch32.a(__aeabi_atexit.c.obj)
                              (--whole-archive)
arch/arch/arm/core/aarch32/cortex_m/libarch__arm__core__aarch32__cortex_m.a(vector_table.S.obj)
                              (--whole-archive)
arch/arch/arm/core/aarch32/cortex_m/libarch__arm__core__aarch32__cortex_m.a(reset.S.obj)
                              (--whole-archive)
arch/arch/arm/core/aarch32/cortex_m/libarch__arm__core__aarch32__cortex_m.a(fault_s.S.obj)
                              (--whole-archive)
arch/arch/arm/core/aarch32/cortex_m/libarch__arm__core__aarch32__cortex_m.a(fault.c.obj)
                              (--whole-archive)
arch/arch/arm/core/aarch32/cortex_m/libarch__arm__core__aarch32__cortex_m.a(exc_exit.S.obj)
                              (--whole-archive)
arch/arch/arm/core/aarch32/cortex_m/libarch__arm__core__aarch32__cortex_m.a(scb.c.obj)
                              (--whole-archive)
arch/arch/arm/core/aarch32/cortex_m/libarch__arm__core__aarch32__cortex_m.a(irq_init.c.obj)
                              (--whole-archive)
arch/arch/arm/core/aarch32/cortex_m/libarch__arm__core__aarch32__cortex_m.a(thread_abort.c.obj)
                              (--whole-archive)
arch/arch/arm/core/aarch32/cortex_m/mpu/libarch__arm__core__aarch32__cortex_m__mpu.a(arm_core_mpu.c.obj)
                              (--whole-archive)
arch/arch/arm/core/aarch32/cortex_m/mpu/libarch__arm__core__aarch32__cortex_m__mpu.a(arm_mpu.c.obj)
                              (--whole-archive)
[...]
Memory Configuration

Name             Origin             Length             Attributes
FLASH            0x0000000008000000 0x0000000000200000 xr
CCM              0x0000000010000000 0x0000000000010000 rw
SRAM             0x0000000020000000 0x0000000000030000 xw
IDT_LIST         0x0000000020030000 0x0000000000000800 xw
*default*        0x0000000000000000 0xffffffffffffffff

Linker script and memory map

LOAD CMakeFiles/zephyr_final.dir/misc/empty_file.c.obj
LOAD CMakeFiles/zephyr_final.dir/isr_tables.c.obj
                0x0000000000000020                _region_min_align = 0x20

.rel.plt        0x0000000008000000        0x0
 *(SORT_BY_ALIGNMENT(.rel.plt))
                [!provide]                        PROVIDE (__rel_iplt_start = .)
 *(SORT_BY_ALIGNMENT(.rel.iplt))
 .rel.iplt      0x0000000008000000        0x0 CMakeFiles/zephyr_final.dir/isr_tables.c.obj
                [!provide]                        PROVIDE (__rel_iplt_end = .)

.rela.plt       0x0000000000000000        0x0
 *(SORT_BY_ALIGNMENT(.rela.plt))
                [!provide]                        PROVIDE (__rela_iplt_start = .)
 *(SORT_BY_ALIGNMENT(.rela.iplt))
                [!provide]                        PROVIDE (__rela_iplt_end = .)

.rel.dyn
 *(SORT_BY_ALIGNMENT(.rel.*))

.rela.dyn
 *(SORT_BY_ALIGNMENT(.rela.*))

/DISCARD/
 *(SORT_BY_ALIGNMENT(.plt))
 *(SORT_BY_ALIGNMENT(.iplt))
 *(SORT_BY_ALIGNMENT(.got.plt))
 *(SORT_BY_ALIGNMENT(.igot.plt))
 *(SORT_BY_ALIGNMENT(.got))
 *(SORT_BY_ALIGNMENT(.igot))
 *(SORT_BY_ALIGNMENT(.irq_info*))
 *(SORT_BY_ALIGNMENT(.intList*))
 *(SORT_BY_ALIGNMENT(.note.GNU-stack))
                0x0000000008000000                _image_rom_start = 0x8000000

rom_start       0x0000000008000000      0x1ac
                0x0000000000000000                . = 0x0
                0x0000000000000000                . = ALIGN (0x4)
                0x0000000000000000                . = ALIGN (0x80)
                0x0000000000000000                . = ALIGN (0x200)
                0x0000000008000000                _vector_start = .
 *(SORT_BY_ALIGNMENT(.exc_vector_table))
 *(SORT_BY_ALIGNMENT(.exc_vector_table.*))
 .exc_vector_table._vector_table_section
                0x0000000008000000       0x40 arch/arch/arm/core/aarch32/cortex_m/libarch__arm__core__aarch32__cortex_m.a(vector_table.S.obj)
                0x0000000008000000                _vector_table
 *(SORT_BY_ALIGNMENT(.gnu.linkonce.irq_vector_table*))
 .gnu.linkonce.irq_vector_table
                0x0000000008000040      0x16c CMakeFiles/zephyr_final.dir/isr_tables.c.obj
                0x0000000008000040                _irq_vector_table
 *(SORT_BY_ALIGNMENT(.vectors))
                0x00000000080001ac                _vector_end = .
 *(SORT_BY_ALIGNMENT(.openocd_dbg))
 *(SORT_BY_ALIGNMENT(.openocd_dbg.*))

text            0x00000000080001c0    0x19b94
                0x00000000080001c0                _image_text_start = .
 *(SORT_BY_ALIGNMENT(.text))
 .text          0x00000000080001c0       0xdc /home/nuc01/zephyr_microros_pingpong/firmware/zephyr-sdk/arm-zephyr-eabi/arm-zephyr-eabi/lib/thumb/v7e-m/nofp/libc.a(lib_a-strlen.o)
                0x00000000080001c0                strlen
 *fill*         0x000000000800029c        0x4 
 .text          0x00000000080002a0      0x2dc /home/nuc01/zephyr_microros_pingpong/firmware/zephyr-sdk/arm-zephyr-eabi/arm-zephyr-eabi/lib/thumb/v7e-m/nofp/libc.a(lib_a-strcmp.o)
                0x00000000080002a8                strcmp
 *fill*         0x000000000800057c        0x4 
 .text          0x0000000008000580       0xa0 /home/nuc01/zephyr_microros_pingpong/firmware/zephyr-sdk/arm-zephyr-eabi/arm-zephyr-eabi/lib/thumb/v7e-m/nofp/libc.a(lib_a-memchr.o)
                0x0000000008000580                memchr
 .text          0x0000000008000620      0x378 /home/nuc01/zephyr_microros_pingpong/firmware/zephyr-sdk/arm-zephyr-eabi/bin/../lib/gcc/arm-zephyr-eabi/9.2.0/thumb/v7e-m/nofp/libgcc.a(_arm_addsubdf3.o)
                0x0000000008000620                __aeabi_drsub
                0x0000000008000628                __aeabi_dsub
                0x0000000008000628                __subdf3
                0x000000000800062c                __adddf3
                0x000000000800062c                __aeabi_dadd
                0x00000000080008a4                __aeabi_ui2d
                0x00000000080008a4                __floatunsidf
                0x00000000080008c4                __floatsidf
                0x00000000080008c4                __aeabi_i2d
                0x00000000080008e8                __extendsfdf2
                0x00000000080008e8                __aeabi_f2d
                0x000000000800092c                __aeabi_ul2d
                0x000000000800092c                __floatundidf
                0x000000000800093c                __floatdidf
                0x000000000800093c                __aeabi_l2d
 .text          0x0000000008000998      0x424 /home/nuc01/zephyr_microros_pingpong/firmware/zephyr-sdk/arm-zephyr-eabi/bin/../lib/gcc/arm-zephyr-eabi/9.2.0/thumb/v7e-m/nofp/libgcc.a(_arm_muldivdf3.o)
                0x0000000008000998                __aeabi_dmul
                0x0000000008000998                __muldf3
                0x0000000008000bec                __aeabi_ddiv
                0x0000000008000bec                __divdf3
 .text          0x0000000008000dbc      0x21c /home/nuc01/zephyr_microros_pingpong/firmware/zephyr-sdk/arm-zephyr-eabi/bin/../lib/gcc/arm-zephyr-eabi/9.2.0/thumb/v7e-m/nofp/libgcc.a(_arm_addsubsf3.o)
                0x0000000008000dbc                __aeabi_frsub
                0x0000000008000dc4                __subsf3
                0x0000000008000dc4                __aeabi_fsub
                0x0000000008000dc8                __aeabi_fadd
                0x0000000008000dc8                __addsf3
                0x0000000008000f28                __aeabi_ui2f
                0x0000000008000f28                __floatunsisf
                0x0000000008000f30                __aeabi_i2f
                0x0000000008000f30                __floatsisf
                0x0000000008000f4c                __floatundisf
                0x0000000008000f4c                __aeabi_ul2f
                0x0000000008000f5c                __floatdisf
                0x0000000008000f5c                __aeabi_l2f
 .text          0x0000000008000fd8      0x2a0 /home/nuc01/zephyr_microros_pingpong/firmware/zephyr-sdk/arm-zephyr-eabi/bin/../lib/gcc/arm-zephyr-eabi/9.2.0/thumb/v7e-m/nofp/libgcc.a(_arm_muldivsf3.o)
                0x0000000008000fd8                __mulsf3
                0x0000000008000fd8                __aeabi_fmul
                0x0000000008001140                __divsf3
                0x0000000008001140                __aeabi_fdiv
 .text          0x0000000008001278       0xa0 /home/nuc01/zephyr_microros_pingpong/firmware/zephyr-sdk/arm-zephyr-eabi/bin/../lib/gcc/arm-zephyr-eabi/9.2.0/thumb/v7e-m/nofp/libgcc.a(_aeabi_ldivmod.o)
                0x0000000008001278                __aeabi_ldivmod
 .text          0x0000000008001318       0x30 /home/nuc01/zephyr_microros_pingpong/firmware/zephyr-sdk/arm-zephyr-eabi/bin/../lib/gcc/arm-zephyr-eabi/9.2.0/thumb/v7e-m/nofp/libgcc.a(_aeabi_uldivmod.o)
                0x0000000008001318                __aeabi_uldivmod
 .text          0x0000000008001348       0x40 /home/nuc01/zephyr_microros_pingpong/firmware/zephyr-sdk/arm-zephyr-eabi/bin/../lib/gcc/arm-zephyr-eabi/9.2.0/thumb/v7e-m/nofp/libgcc.a(_fixunssfdi.o)
                0x0000000008001348                __aeabi_f2ulz
                0x0000000008001348                __fixunssfdi
 .text          0x0000000008001388      0x2c4 /home/nuc01/zephyr_microros_pingpong/firmware/zephyr-sdk/arm-zephyr-eabi/bin/../lib/gcc/arm-zephyr-eabi/9.2.0/thumb/v7e-m/nofp/libgcc.a(_udivmoddi4.o)
                0x0000000008001388                __udivmoddi4
 .text          0x000000000800164c        0x4 /home/nuc01/zephyr_microros_pingpong/firmware/zephyr-sdk/arm-zephyr-eabi/bin/../lib/gcc/arm-zephyr-eabi/9.2.0/thumb/v7e-m/nofp/libgcc.a(_dvmd_tls.o)
                0x000000000800164c                __aeabi_ldiv0
                0x000000000800164c                __aeabi_idiv0
 .text          0x0000000008001650      0x110 /home/nuc01/zephyr_microros_pingpong/firmware/zephyr-sdk/arm-zephyr-eabi/bin/../lib/gcc/arm-zephyr-eabi/9.2.0/thumb/v7e-m/nofp/libgcc.a(_arm_cmpdf2.o)
                0x0000000008001650                __gtdf2
                0x0000000008001650                __gedf2
                0x0000000008001658                __ltdf2
                0x0000000008001658                __ledf2
                0x0000000008001660                __cmpdf2
                0x0000000008001660                __eqdf2
                0x0000000008001660                __nedf2
                0x00000000080016dc                __aeabi_cdrcmple
                0x00000000080016ec                __aeabi_cdcmple
                0x00000000080016ec                __aeabi_cdcmpeq
                0x00000000080016fc                __aeabi_dcmpeq
                0x0000000008001710                __aeabi_dcmplt
                0x0000000008001724                __aeabi_dcmple
                0x0000000008001738                __aeabi_dcmpge
                0x000000000800174c                __aeabi_dcmpgt
 .text          0x0000000008001760       0x40 /home/nuc01/zephyr_microros_pingpong/firmware/zephyr-sdk/arm-zephyr-eabi/bin/../lib/gcc/arm-zephyr-eabi/9.2.0/thumb/v7e-m/nofp/libgcc.a(_arm_fixunsdfsi.o)
                0x0000000008001760                __fixunsdfsi
                0x0000000008001760                __aeabi_d2uiz
 .text          0x00000000080017a0      0x134 /home/nuc01/zephyr_microros_pingpong/firmware/zephyr-sdk/arm-zephyr-eabi/arm-zephyr-eabi/lib/thumb/v7e-m/nofp/libc.a(lib_a-memcpy.o)
                0x00000000080017a0                memcpy
 .text          0x00000000080018d4       0x2c /home/nuc01/zephyr_microros_pingpong/firmware/zephyr-sdk/arm-zephyr-eabi/bin/../lib/gcc/arm-zephyr-eabi/9.2.0/thumb/v7e-m/nofp/libgcc.a(_arm_unorddf2.o)
                0x00000000080018d4                __aeabi_dcmpun
                0x00000000080018d4                __unorddf2
 .text          0x0000000008001900       0x50 /home/nuc01/zephyr_microros_pingpong/firmware/zephyr-sdk/arm-zephyr-eabi/bin/../lib/gcc/arm-zephyr-eabi/9.2.0/thumb/v7e-m/nofp/libgcc.a(_arm_fixdfsi.o)
                0x0000000008001900                __fixdfsi
                0x0000000008001900                __aeabi_d2iz
 *(SORT_BY_ALIGNMENT(.text.*))
 .text.main     0x0000000008001950      0x19c ../app/libapp.a(main.c.obj)
                0x0000000008001950                main
 *fill*         0x0000000008001aec        0x4 
 .text.z_impl_clock_gettime
                0x0000000008001af0       0x98 lib/posix/liblib__posix.a(clock.c.obj)
                0x0000000008001af0                z_impl_clock_gettime
 .text.rclc_executor_init
                0x0000000008001b88       0xbc /home/nuc01/zephyr_microros_pingpong/firmware/mcu_ws/install/libmicroros.a(librclc-executor.c.obj)
                0x0000000008001b88                rclc_executor_init
 *fill*         0x0000000008001c44        0x4 
 .text.rcutils_time_point_value_as_seconds_string
                0x0000000008001c48       0x84 /home/nuc01/zephyr_microros_pingpong/firmware/mcu_ws/install/libmicroros.a(librcutils-time.c.obj)
                0x0000000008001c48                rcutils_time_point_value_as_seconds_string
 *fill*         0x0000000008001ccc        0x4 
 .text.rcl_wait
                0x0000000008001cd0      0x4f0 /home/nuc01/zephyr_microros_pingpong/firmware/mcu_ws/install/libmicroros.a(librcl-wait.c.obj)
                0x0000000008001cd0                rcl_wait
 .text.rmw_wait
                0x00000000080021c0      0x198 /home/nuc01/zephyr_microros_pingpong/firmware/mcu_ws/install/libmicroros.a(librmw_microxrcedds-rmw_wait.c.obj)
                0x00000000080021c0                rmw_wait
 .text._dtoa_r  0x0000000008002358     0x11bc /home/nuc01/zephyr_microros_pingpong/firmware/zephyr-sdk/arm-zephyr-eabi/arm-zephyr-eabi/lib/thumb/v7e-m/nofp/libc.a(lib_a-dtoa.o)
                0x0000000008002358                _dtoa_r
 .text.ping_subscription_callback
                0x0000000008003514       0x34 ../app/libapp.a(main.c.obj)
                0x0000000008003514                ping_subscription_callback
 .text.pong_subscription_callback
                0x0000000008003548       0x34 ../app/libapp.a(main.c.obj)
                0x0000000008003548                pong_subscription_callback
 .text.ping_timer_callback
                0x000000000800357c       0x6c ../app/libapp.a(main.c.obj)
                0x000000000800357c                ping_timer_callback
 .text._check_fd
                0x00000000080035e8       0x34 libzephyr.a(fdtable.c.obj)
 .text.z_fd_unref
                0x000000000800361c       0x54 libzephyr.a(fdtable.c.obj)
 .text.read     0x0000000008003670       0x38 libzephyr.a(fdtable.c.obj)
                0x0000000008003670                read
                0x0000000008003670                _read
 .text.write    0x00000000080036a8       0x38 libzephyr.a(fdtable.c.obj)
                0x00000000080036a8                write
                0x00000000080036a8                _write
 .text.close    0x00000000080036e0       0x34 libzephyr.a(fdtable.c.obj)
                0x00000000080036e0                close
                0x00000000080036e0                _close
 .text.lseek    0x0000000008003714       0x38 libzephyr.a(fdtable.c.obj)
                0x0000000008003714                lseek
                0x0000000008003714                _lseek
 .text.st_stm32f4_init
                0x000000000800374c       0x2c libzephyr.a(soc.c.obj)
 .text.__do_init_array_aux
                0x0000000008003778       0x1c libzephyr.a(cpp_init_array.c.obj)
                0x0000000008003778                __do_init_array_aux
 .text.__do_global_ctors_aux
                0x0000000008003794       0x1c libzephyr.a(cpp_ctors.c.obj)
                0x0000000008003794                __do_global_ctors_aux
 .text.uart_console_init
                0x00000000080037b0       0x10 libzephyr.a(uart_console.c.obj)
 .text.__stm32_exti_isr.isra.0
                0x00000000080037c0       0x40 libzephyr.a(intc_exti_stm32.c.obj)
 .text.stm32_exti_enable
                0x0000000008003800       0x1c libzephyr.a(intc_exti_stm32.c.obj)
                0x0000000008003800                stm32_exti_enable
 .text.stm32_exti_disable
                0x000000000800381c       0x1c libzephyr.a(intc_exti_stm32.c.obj)
                0x000000000800381c                stm32_exti_disable
 .text.stm32_exti_trigger
                0x0000000008003838       0x68 libzephyr.a(intc_exti_stm32.c.obj)
                0x0000000008003838                stm32_exti_trigger
 .text.stm32_exti_set_callback
                0x00000000080038a0       0x24 libzephyr.a(intc_exti_stm32.c.obj)
                0x00000000080038a0                stm32_exti_set_callback
 .text.stm32_exti_unset_callback
                0x00000000080038c4       0x14 libzephyr.a(intc_exti_stm32.c.obj)
                0x00000000080038c4                stm32_exti_unset_callback
 .text.stm32_clock_control_on
                0x00000000080038d8       0x88 libzephyr.a(clock_stm32_ll_common.c.obj)
 .text.stm32_clock_control_get_subsys_rate
                0x0000000008003960       0x2c libzephyr.a(clock_stm32_ll_common.c.obj)
 .text.stm32_clock_control_init
                0x000000000800398c       0x88 libzephyr.a(clock_stm32_ll_common.c.obj)
 .text.stm32_clock_control_off
                0x0000000008003a14       0x70 libzephyr.a(clock_stm32_ll_common.c.obj)
 .text.config_enable_default_clocks
                0x0000000008003a84       0x20 libzephyr.a(clock_stm32f2_f4_f7.c.obj)
                0x0000000008003a84                config_enable_default_clocks
 .text.enable_port
                0x0000000008003aa4       0x38 libzephyr.a(pinmux_stm32.c.obj)
 .text.stm32_dt_pinctrl_configure
                0x0000000008003adc       0x74 libzephyr.a(pinmux_stm32.c.obj)
                0x0000000008003adc                stm32_dt_pinctrl_configure
 .text.elapsed  0x0000000008003b50       0x3c libzephyr.a(cortex_m_systick.c.obj)
 .text.z_clock_isr
                0x0000000008003b8c       0x44 libzephyr.a(cortex_m_systick.c.obj)
                0x0000000008003b8c                z_clock_isr
 .text.z_clock_driver_init
                0x0000000008003bd0       0x38 libzephyr.a(cortex_m_systick.c.obj)
                0x0000000008003bd0                z_clock_driver_init
 .text.z_clock_set_timeout
                0x0000000008003c08       0xc8 libzephyr.a(cortex_m_systick.c.obj)
                0x0000000008003c08                z_clock_set_timeout
 .text.z_clock_elapsed
                0x0000000008003cd0       0x3c libzephyr.a(cortex_m_systick.c.obj)
                0x0000000008003cd0                z_clock_elapsed
 .text.z_timer_cycle_get_32
                0x0000000008003d0c       0x2c libzephyr.a(cortex_m_systick.c.obj)
                0x0000000008003d0c                z_timer_cycle_get_32
 .text.arch_swap
                0x0000000008003d38       0x34 arch/arch/arm/core/aarch32/libarch__arm__core__aarch32.a(swap.c.obj)
                0x0000000008003d38                arch_swap
 .text.z_arm_pendsv
                0x0000000008003d6c       0x54 arch/arch/arm/core/aarch32/libarch__arm__core__aarch32.a(swap_helper.S.obj)
                0x0000000008003d6c                z_arm_pendsv
 .text.z_arm_svc
                0x0000000008003dc0       0x20 arch/arch/arm/core/aarch32/libarch__arm__core__aarch32.a(swap_helper.S.obj)
                0x0000000008003dc0                z_arm_svc
 .text.arch_irq_enable
                0x0000000008003de0       0x20 arch/arch/arm/core/aarch32/libarch__arm__core__aarch32.a(irq_manage.c.obj)
                0x0000000008003de0                arch_irq_enable
 .text.z_arm_irq_priority_set
                0x0000000008003e00       0x30 arch/arch/arm/core/aarch32/libarch__arm__core__aarch32.a(irq_manage.c.obj)
                0x0000000008003e00                z_arm_irq_priority_set
 .text.arch_new_thread
                0x0000000008003e30       0x38 arch/arch/arm/core/aarch32/libarch__arm__core__aarch32.a(thread.c.obj)
                0x0000000008003e30                arch_new_thread
 .text.z_check_thread_stack_fail
                0x0000000008003e68       0x34 arch/arch/arm/core/aarch32/libarch__arm__core__aarch32.a(thread.c.obj)
                0x0000000008003e68                z_check_thread_stack_fail
 .text.arch_switch_to_main_thread
                0x0000000008003e9c       0x34 arch/arch/arm/core/aarch32/libarch__arm__core__aarch32.a(thread.c.obj)
                0x0000000008003e9c                arch_switch_to_main_thread
 .text.z_arm_cpu_idle_init
                0x0000000008003ed0        0xc arch/arch/arm/core/aarch32/libarch__arm__core__aarch32.a(cpu_idle.S.obj)
                0x0000000008003ed0                z_arm_cpu_idle_init
 .text.arch_cpu_idle
                0x0000000008003edc       0x1c arch/arch/arm/core/aarch32/libarch__arm__core__aarch32.a(cpu_idle.S.obj)
                0x0000000008003edc                arch_cpu_idle
 .text.z_SysNmiOnReset
                0x0000000008003ef8        0x8 arch/arch/arm/core/aarch32/libarch__arm__core__aarch32.a(nmi_on_reset.S.obj)
                0x0000000008003ef8                z_SysNmiOnReset
 .text.z_arm_prep_c
                0x0000000008003f00       0x44 arch/arch/arm/core/aarch32/libarch__arm__core__aarch32.a(prep_c.c.obj)
                0x0000000008003f00                z_arm_prep_c
 .text._isr_wrapper
                0x0000000008003f44       0x28 arch/arch/arm/core/aarch32/libarch__arm__core__aarch32.a(isr_wrapper.S.obj)
                0x0000000008003f44                _isr_wrapper
 .text._reset_section
                0x0000000008003f6c       0x2c arch/arch/arm/core/aarch32/cortex_m/libarch__arm__core__aarch32__cortex_m.a(reset.S.obj)
                0x0000000008003f6c                z_arm_reset
                0x0000000008003f6c                __start
 .text.__fault  0x0000000008003f98       0x14 arch/arch/arm/core/aarch32/cortex_m/libarch__arm__core__aarch32__cortex_m.a(fault_s.S.obj)
                0x0000000008003f98                z_arm_bus_fault
                0x0000000008003f98                z_arm_usage_fault
                0x0000000008003f98                z_arm_mpu_fault
                0x0000000008003f98                z_arm_exc_spurious
                0x0000000008003f98                z_arm_debug_monitor
                0x0000000008003f98                z_arm_hard_fault
 .text.mem_manage_fault
                0x0000000008003fac       0x6c arch/arch/arm/core/aarch32/cortex_m/libarch__arm__core__aarch32__cortex_m.a(fault.c.obj)
 .text.bus_fault.isra.0
                0x0000000008004018       0x3c arch/arch/arm/core/aarch32/cortex_m/libarch__arm__core__aarch32__cortex_m.a(fault.c.obj)
 .text.usage_fault.isra.0
                0x0000000008004054       0x24 arch/arch/arm/core/aarch32/cortex_m/libarch__arm__core__aarch32__cortex_m.a(fault.c.obj)
 .text.z_arm_fault
                0x0000000008004078       0xfc arch/arch/arm/core/aarch32/cortex_m/libarch__arm__core__aarch32__cortex_m.a(fault.c.obj)
                0x0000000008004078                z_arm_fault
 .text.z_arm_fault_init
                0x0000000008004174       0x10 arch/arch/arm/core/aarch32/cortex_m/libarch__arm__core__aarch32__cortex_m.a(fault.c.obj)
                0x0000000008004174                z_arm_fault_init
 .text._HandlerModeExit
                0x0000000008004184       0x1c arch/arch/arm/core/aarch32/cortex_m/libarch__arm__core__aarch32__cortex_m.a(exc_exit.S.obj)
                0x0000000008004184                z_arm_exc_exit
                0x0000000008004184                z_arm_int_exit
 .text.z_arm_interrupt_init
                0x00000000080041a0       0x18 arch/arch/arm/core/aarch32/cortex_m/libarch__arm__core__aarch32__cortex_m.a(irq_init.c.obj)
                0x00000000080041a0                z_arm_interrupt_init
 .text.z_impl_k_thread_abort
                0x00000000080041b8       0x44 arch/arch/arm/core/aarch32/cortex_m/libarch__arm__core__aarch32__cortex_m.a(thread_abort.c.obj)
                0x00000000080041b8                z_impl_k_thread_abort
 .text.z_arm_configure_static_mpu_regions
                0x00000000080041fc       0x18 arch/arch/arm/core/aarch32/cortex_m/mpu/libarch__arm__core__aarch32__cortex_m__mpu.a(arm_core_mpu.c.obj)
                0x00000000080041fc                z_arm_configure_static_mpu_regions
 .text.z_arm_configure_dynamic_mpu_regions
                0x0000000008004214       0x20 arch/arch/arm/core/aarch32/cortex_m/mpu/libarch__arm__core__aarch32__cortex_m__mpu.a(arm_core_mpu.c.obj)
                0x0000000008004214                z_arm_configure_dynamic_mpu_regions
 .text.mpu_configure_regions
                0x0000000008004234       0x80 arch/arch/arm/core/aarch32/cortex_m/mpu/libarch__arm__core__aarch32__cortex_m__mpu.a(arm_mpu.c.obj)
 .text.arm_core_mpu_enable
                0x00000000080042b4       0x14 arch/arch/arm/core/aarch32/cortex_m/mpu/libarch__arm__core__aarch32__cortex_m__mpu.a(arm_mpu.c.obj)
                0x00000000080042b4                arm_core_mpu_enable
 .text.arm_core_mpu_disable
                0x00000000080042c8       0x10 arch/arch/arm/core/aarch32/cortex_m/mpu/libarch__arm__core__aarch32__cortex_m__mpu.a(arm_mpu.c.obj)
                0x00000000080042c8                arm_core_mpu_disable
 .text.arm_mpu_init
                0x00000000080042d8       0x5c arch/arch/arm/core/aarch32/cortex_m/mpu/libarch__arm__core__aarch32__cortex_m__mpu.a(arm_mpu.c.obj)
 .text.arm_core_mpu_configure_static_mpu_regions
                0x0000000008004334       0x14 arch/arch/arm/core/aarch32/cortex_m/mpu/libarch__arm__core__aarch32__cortex_m__mpu.a(arm_mpu.c.obj)
                0x0000000008004334                arm_core_mpu_configure_static_mpu_regions
 .text.arm_core_mpu_configure_dynamic_mpu_regions
                0x0000000008004348       0x2c arch/arch/arm/core/aarch32/cortex_m/mpu/libarch__arm__core__aarch32__cortex_m__mpu.a(arm_mpu.c.obj)
                0x0000000008004348                arm_core_mpu_configure_dynamic_mpu_regions
 .text.z_impl_zephyr_write_stdout
                0x0000000008004374       0x30 lib/libc/newlib/liblib__libc__newlib.a(libc-hooks.c.obj)
                0x0000000008004374                z_impl_zephyr_write_stdout
 .text._exit    0x00000000080043a4       0x14 lib/libc/newlib/liblib__libc__newlib.a(libc-hooks.c.obj)
                0x00000000080043a4                _exit
 .text._sbrk    0x00000000080043b8       0x44 lib/libc/newlib/liblib__libc__newlib.a(libc-hooks.c.obj)
                0x00000000080043b8                _sbrk
                0x00000000080043b8                sbrk
 .text.__chk_fail
                0x00000000080043fc       0x1c lib/libc/newlib/liblib__libc__newlib.a(libc-hooks.c.obj)
                0x00000000080043fc                __chk_fail
 .text.gpio_stm32_pin_interrupt_configure
                0x0000000008004418      0x110 drivers/gpio/libdrivers__gpio.a(gpio_stm32.c.obj)
 .text.gpio_stm32_init
                0x0000000008004528       0x28 drivers/gpio/libdrivers__gpio.a(gpio_stm32.c.obj)
 .text.uart_stm32_irq_err_enable
                0x0000000008004550       0x60 drivers/serial/libdrivers__serial.a(uart_stm32.c.obj)
 .text.uart_stm32_irq_err_disable
                0x00000000080045b0       0x60 drivers/serial/libdrivers__serial.a(uart_stm32.c.obj)
 .text.uart_stm32_init
                0x0000000008004610       0xbc drivers/serial/libdrivers__serial.a(uart_stm32.c.obj)
 .text.uart_stm32_configure
                0x00000000080046cc      0x114 drivers/serial/libdrivers__serial.a(uart_stm32.c.obj)
 .text.UTILS_PLL_IsBusy
                0x00000000080047e0       0x28 ../modules/stm32/stm32cube/lib..__modules__hal__stm32__stm32cube.a(stm32f4xx_ll_utils.c.obj)
 .text.LL_SetFlashLatency
                0x0000000008004808      0x120 ../modules/stm32/stm32cube/lib..__modules__hal__stm32__stm32cube.a(stm32f4xx_ll_utils.c.obj)
                0x0000000008004808                LL_SetFlashLatency
 .text.UTILS_EnablePLLAndSwitchSystem
                0x0000000008004928       0x94 ../modules/stm32/stm32cube/lib..__modules__hal__stm32__stm32cube.a(stm32f4xx_ll_utils.c.obj)
 .text.LL_PLL_ConfigSystemClock_HSE
                0x00000000080049bc       0x98 ../modules/stm32/stm32cube/lib..__modules__hal__stm32__stm32cube.a(stm32f4xx_ll_utils.c.obj)
                0x00000000080049bc                LL_PLL_ConfigSystemClock_HSE
 .text.z_sys_init_run_level
                0x0000000008004a54       0x50 kernel/libkernel.a(device.c.obj)
                0x0000000008004a54                z_sys_init_run_level
 .text.z_device_ready
                0x0000000008004aa4       0x2c kernel/libkernel.a(device.c.obj)
                0x0000000008004aa4                z_device_ready
 .text.z_impl_device_get_binding
                0x0000000008004ad0       0x50 kernel/libkernel.a(device.c.obj)
                0x0000000008004ad0                z_impl_device_get_binding
 .text.z_impl_z_errno
                0x0000000008004b20        0xc kernel/libkernel.a(errno.c.obj)
                0x0000000008004b20                z_impl_z_errno
 .text.z_bss_zero
                0x0000000008004b2c       0x30 kernel/libkernel.a(init.c.obj)
                0x0000000008004b2c                z_bss_zero
 .text.bg_thread_main
                0x0000000008004b5c       0x3c kernel/libkernel.a(init.c.obj)
 .text.z_cstart
                0x0000000008004b98      0x104 kernel/libkernel.a(init.c.obj)
                0x0000000008004b98                z_cstart
 .text.init_mem_slab_module
                0x0000000008004c9c       0x44 kernel/libkernel.a(mem_slab.c.obj)
 .text.z_reset_time_slice
                0x0000000008004ce0       0x2c kernel/libkernel.a(sched.c.obj)
                0x0000000008004ce0                z_reset_time_slice
 .text.k_sched_time_slice_set
                0x0000000008004d0c       0x40 kernel/libkernel.a(sched.c.obj)
                0x0000000008004d0c                k_sched_time_slice_set
 .text.z_reschedule
                0x0000000008004d4c       0x24 kernel/libkernel.a(sched.c.obj)
                0x0000000008004d4c                z_reschedule
 .text.k_sched_lock
                0x0000000008004d70       0x28 kernel/libkernel.a(sched.c.obj)
                0x0000000008004d70                k_sched_lock
 .text.z_priq_dumb_remove
                0x0000000008004d98       0x2c kernel/libkernel.a(sched.c.obj)
                0x0000000008004d98                z_priq_dumb_remove
 .text.update_cache
                0x0000000008004dc4       0x50 kernel/libkernel.a(sched.c.obj)
 .text.k_sched_unlock
                0x0000000008004e14       0x38 kernel/libkernel.a(sched.c.obj)
                0x0000000008004e14                k_sched_unlock
 .text.ready_thread
                0x0000000008004e4c       0x70 kernel/libkernel.a(sched.c.obj)
 .text.z_sched_start
                0x0000000008004ebc       0x3c kernel/libkernel.a(sched.c.obj)
                0x0000000008004ebc                z_sched_start
 .text.move_thread_to_end_of_prio_q
                0x0000000008004ef8       0x74 kernel/libkernel.a(sched.c.obj)
 .text.z_time_slice
                0x0000000008004f6c       0x84 kernel/libkernel.a(sched.c.obj)
                0x0000000008004f6c                z_time_slice
 .text.z_impl_k_thread_suspend
                0x0000000008004ff0       0x68 kernel/libkernel.a(sched.c.obj)
                0x0000000008004ff0                z_impl_k_thread_suspend
 .text.z_thread_single_abort
                0x0000000008005058      0x104 kernel/libkernel.a(sched.c.obj)
                0x0000000008005058                z_thread_single_abort
 .text.unready_thread
                0x000000000800515c       0x34 kernel/libkernel.a(sched.c.obj)
 .text.pend     0x0000000008005190       0x4c kernel/libkernel.a(sched.c.obj)
 .text.z_pend_curr
                0x00000000080051dc       0x28 kernel/libkernel.a(sched.c.obj)
                0x00000000080051dc                z_pend_curr
 .text.z_tick_sleep.part.0
                0x0000000008005204       0x74 kernel/libkernel.a(sched.c.obj)
 .text.z_sched_init
                0x0000000008005278       0x18 kernel/libkernel.a(sched.c.obj)
                0x0000000008005278                z_sched_init
 .text.z_impl_k_yield
                0x0000000008005290       0x9c kernel/libkernel.a(sched.c.obj)
                0x0000000008005290                z_impl_k_yield
 .text.z_impl_k_sleep
                0x000000000800532c       0x40 kernel/libkernel.a(sched.c.obj)
                0x000000000800532c                z_impl_k_sleep
 .text.z_impl_k_current_get
                0x000000000800536c        0xc kernel/libkernel.a(sched.c.obj)
                0x000000000800536c                z_impl_k_current_get
 .text.z_impl_k_sem_give
                0x0000000008005378       0x40 kernel/libkernel.a(sem.c.obj)
                0x0000000008005378                z_impl_k_sem_give
 .text.z_impl_k_sem_take
                0x00000000080053b8       0x54 kernel/libkernel.a(sem.c.obj)
                0x00000000080053b8                z_impl_k_sem_take
 .text.z_impl_k_busy_wait
                0x000000000800540c       0x30 kernel/libkernel.a(thread.c.obj)
                0x000000000800540c                z_impl_k_busy_wait
 .text.z_setup_new_thread
                0x000000000800543c       0x64 kernel/libkernel.a(thread.c.obj)
                0x000000000800543c                z_setup_new_thread
 .text.z_init_static_threads
                0x00000000080054a0       0x98 kernel/libkernel.a(thread.c.obj)
                0x00000000080054a0                z_init_static_threads
 .text.z_self_abort
                0x0000000008005538       0x28 kernel/libkernel.a(thread_abort.c.obj)
                0x0000000008005538                z_self_abort
 .text.z_data_copy
                0x0000000008005560       0x4c kernel/libkernel.a(xip.c.obj)
                0x0000000008005560                z_data_copy
 .text.elapsed  0x00000000080055ac       0x14 kernel/libkernel.a(timeout.c.obj)
 .text.remove_timeout
                0x00000000080055c0       0x34 kernel/libkernel.a(timeout.c.obj)
 .text.next_timeout
                0x00000000080055f4       0x58 kernel/libkernel.a(timeout.c.obj)
 .text.z_add_timeout
                0x000000000800564c      0x11c kernel/libkernel.a(timeout.c.obj)
                0x000000000800564c                z_add_timeout
 .text.z_clock_announce
                0x0000000008005768       0xd8 kernel/libkernel.a(timeout.c.obj)
                0x0000000008005768                z_clock_announce
 .text.z_tick_get
                0x0000000008005840       0x34 kernel/libkernel.a(timeout.c.obj)
                0x0000000008005840                z_tick_get
 .text.statics_init
                0x0000000008005874       0x24 kernel/libkernel.a(kheap.c.obj)
 .text.rcl_get_zero_initialized_publisher
                0x0000000008005898        0xc /home/nuc01/zephyr_microros_pingpong/firmware/mcu_ws/install/libmicroros.a(librcl-publisher.c.obj)
                0x0000000008005898                rcl_get_zero_initialized_publisher
 .text.rcl_publisher_init
                0x00000000080058a4      0x2cc /home/nuc01/zephyr_microros_pingpong/firmware/mcu_ws/install/libmicroros.a(librcl-publisher.c.obj)
                0x00000000080058a4                rcl_publisher_init
 .text.rcl_publisher_get_default_options
                0x0000000008005b70       0x44 /home/nuc01/zephyr_microros_pingpong/firmware/mcu_ws/install/libmicroros.a(librcl-publisher.c.obj)
                0x0000000008005b70                rcl_publisher_get_default_options
 .text._rclc_check_for_new_data
                0x0000000008005bb4      0x140 /home/nuc01/zephyr_microros_pingpong/firmware/mcu_ws/install/libmicroros.a(librclc-executor.c.obj)
 .text._rclc_take_new_data
                0x0000000008005cf4      0x224 /home/nuc01/zephyr_microros_pingpong/firmware/mcu_ws/install/libmicroros.a(librclc-executor.c.obj)
 .text._rclc_execute
                0x0000000008005f18      0x188 /home/nuc01/zephyr_microros_pingpong/firmware/mcu_ws/install/libmicroros.a(librclc-executor.c.obj)
 .text.rclc_executor_get_zero_initialized_executor
                0x00000000080060a0       0x14 /home/nuc01/zephyr_microros_pingpong/firmware/mcu_ws/install/libmicroros.a(librclc-executor.c.obj)
                0x00000000080060a0                rclc_executor_get_zero_initialized_executor
 .text.rclc_executor_add_subscription
                0x00000000080060b4       0xa4 /home/nuc01/zephyr_microros_pingpong/firmware/mcu_ws/install/libmicroros.a(librclc-executor.c.obj)
                0x00000000080060b4                rclc_executor_add_subscription
 .text.rclc_executor_add_timer
                0x0000000008006158       0x8c /home/nuc01/zephyr_microros_pingpong/firmware/mcu_ws/install/libmicroros.a(librclc-executor.c.obj)
                0x0000000008006158                rclc_executor_add_timer
 .text.rclc_executor_spin_some
                0x00000000080061e4      0x698 /home/nuc01/zephyr_microros_pingpong/firmware/mcu_ws/install/libmicroros.a(librclc-executor.c.obj)
                0x00000000080061e4                rclc_executor_spin_some
 .text.rclc_support_init_with_options
                0x000000000800687c       0xe8 /home/nuc01/zephyr_microros_pingpong/firmware/mcu_ws/install/libmicroros.a(librclc-init.c.obj)
                0x000000000800687c                rclc_support_init_with_options
 .text.rclc_support_init
                0x0000000008006964       0x98 /home/nuc01/zephyr_microros_pingpong/firmware/mcu_ws/install/libmicroros.a(librclc-init.c.obj)
                0x0000000008006964                rclc_support_init
 .text.rclc_node_init_with_options.part.0
                0x00000000080069fc       0x88 /home/nuc01/zephyr_microros_pingpong/firmware/mcu_ws/install/libmicroros.a(librclc-node.c.obj)
 .text.rclc_node_init_default
                0x0000000008006a84       0xa0 /home/nuc01/zephyr_microros_pingpong/firmware/mcu_ws/install/libmicroros.a(librclc-node.c.obj)
                0x0000000008006a84                rclc_node_init_default
 .text.rclc_publisher_init_default
                0x0000000008006b24       0x90 /home/nuc01/zephyr_microros_pingpong/firmware/mcu_ws/install/libmicroros.a(librclc-publisher.c.obj)
                0x0000000008006b24                rclc_publisher_init_default
 .text.rclc_publisher_init_best_effort
                0x0000000008006bb4       0x94 /home/nuc01/zephyr_microros_pingpong/firmware/mcu_ws/install/libmicroros.a(librclc-publisher.c.obj)
                0x0000000008006bb4                rclc_publisher_init_best_effort
 .text.rclc_subscription_init_best_effort
                0x0000000008006c48       0x94 /home/nuc01/zephyr_microros_pingpong/firmware/mcu_ws/install/libmicroros.a(librclc-subscription.c.obj)
                0x0000000008006c48                rclc_subscription_init_best_effort
 .text.rclc_timer_init_default
                0x0000000008006cdc       0xdc /home/nuc01/zephyr_microros_pingpong/firmware/mcu_ws/install/libmicroros.a(librclc-timer.c.obj)
                0x0000000008006cdc                rclc_timer_init_default
 .text.rcutils_get_default_allocator
                0x0000000008006db8       0x18 /home/nuc01/zephyr_microros_pingpong/firmware/mcu_ws/install/libmicroros.a(librcutils-allocator.c.obj)
                0x0000000008006db8                rcutils_get_default_allocator
 .text.__rcutils_copy_string
                0x0000000008006dd0       0x60 /home/nuc01/zephyr_microros_pingpong/firmware/mcu_ws/install/libmicroros.a(librcutils-error_handling.c.obj)
 .text.__rcutils_format_error_string
                0x0000000008006e30       0xf0 /home/nuc01/zephyr_microros_pingpong/firmware/mcu_ws/install/libmicroros.a(librcutils-error_handling.c.obj)
 .text.rcutils_get_error_string
                0x0000000008006f20       0x48 /home/nuc01/zephyr_microros_pingpong/firmware/mcu_ws/install/libmicroros.a(librcutils-error_handling.c.obj)
                0x0000000008006f20                rcutils_get_error_string
 .text.rcutils_reset_error
                0x0000000008006f68       0x3c /home/nuc01/zephyr_microros_pingpong/firmware/mcu_ws/install/libmicroros.a(librcutils-error_handling.c.obj)
                0x0000000008006f68                rcutils_reset_error
 .text.expand_severity
                0x0000000008006fa4       0x24 /home/nuc01/zephyr_microros_pingpong/firmware/mcu_ws/install/libmicroros.a(librcutils-logging.c.obj)
                0x0000000008006fa4                expand_severity
 .text.rcutils_get_env_var_zero_or_one.isra.0
                0x0000000008006fc8       0x50 /home/nuc01/zephyr_microros_pingpong/firmware/mcu_ws/install/libmicroros.a(librcutils-logging.c.obj)
 .text.expand_line_number
                0x0000000008007018       0x5c /home/nuc01/zephyr_microros_pingpong/firmware/mcu_ws/install/libmicroros.a(librcutils-logging.c.obj)
                0x0000000008007018                expand_line_number
 .text.rcutils_logging_initialize_with_allocator
                0x0000000008007074      0x1ec /home/nuc01/zephyr_microros_pingpong/firmware/mcu_ws/install/libmicroros.a(librcutils-logging.c.obj)
                0x0000000008007074                rcutils_logging_initialize_with_allocator
 .text.rcutils_logging_severity_level_from_string
                0x0000000008007260       0x90 /home/nuc01/zephyr_microros_pingpong/firmware/mcu_ws/install/libmicroros.a(librcutils-logging.c.obj)
                0x0000000008007260                rcutils_logging_severity_level_from_string
 .text.rcutils_logging_get_logger_leveln
                0x00000000080072f0       0x94 /home/nuc01/zephyr_microros_pingpong/firmware/mcu_ws/install/libmicroros.a(librcutils-logging.c.obj)
                0x00000000080072f0                rcutils_logging_get_logger_leveln
 .text.rcutils_logging_get_logger_effective_level
                0x0000000008007384       0x70 /home/nuc01/zephyr_microros_pingpong/firmware/mcu_ws/install/libmicroros.a(librcutils-logging.c.obj)
                0x0000000008007384                rcutils_logging_get_logger_effective_level
 .text.rcutils_logging_logger_is_enabled_for
                0x00000000080073f4       0x54 /home/nuc01/zephyr_microros_pingpong/firmware/mcu_ws/install/libmicroros.a(librcutils-logging.c.obj)
                0x00000000080073f4                rcutils_logging_logger_is_enabled_for
 .text.rcutils_log
                0x0000000008007448       0x58 /home/nuc01/zephyr_microros_pingpong/firmware/mcu_ws/install/libmicroros.a(librcutils-logging.c.obj)
                0x0000000008007448                rcutils_log
 .text.expand_time_as_seconds
                0x00000000080074a0        0xc /home/nuc01/zephyr_microros_pingpong/firmware/mcu_ws/install/libmicroros.a(librcutils-logging.c.obj)
                0x00000000080074a0                expand_time_as_seconds
 .text.expand_time_as_nanoseconds
                0x00000000080074ac        0xc /home/nuc01/zephyr_microros_pingpong/firmware/mcu_ws/install/libmicroros.a(librcutils-logging.c.obj)
                0x00000000080074ac                expand_time_as_nanoseconds
 .text.find_token_handler
                0x00000000080074b8       0x2c /home/nuc01/zephyr_microros_pingpong/firmware/mcu_ws/install/libmicroros.a(librcutils-logging.c.obj)
                0x00000000080074b8                find_token_handler
 .text.rcutils_logging_format_message
                0x00000000080074e4       0xe4 /home/nuc01/zephyr_microros_pingpong/firmware/mcu_ws/install/libmicroros.a(librcutils-logging.c.obj)
                0x00000000080074e4                rcutils_logging_format_message
 .text.rcutils_logging_console_output_handler
                0x00000000080075c8      0x214 /home/nuc01/zephyr_microros_pingpong/firmware/mcu_ws/install/libmicroros.a(librcutils-logging.c.obj)
                0x00000000080075c8                rcutils_logging_console_output_handler
 .text.rcutils_strerror
                0x00000000080077dc       0x30 /home/nuc01/zephyr_microros_pingpong/firmware/mcu_ws/install/libmicroros.a(librcutils-strerror.c.obj)
                0x00000000080077dc                rcutils_strerror
 .text.rcutils_get_zero_initialized_string_map
                0x000000000800780c        0xc /home/nuc01/zephyr_microros_pingpong/firmware/mcu_ws/install/libmicroros.a(librcutils-string_map.c.obj)
                0x000000000800780c                rcutils_get_zero_initialized_string_map
 .text.rcutils_time_point_value_as_nanoseconds_string
                0x0000000008007818       0x34 /home/nuc01/zephyr_microros_pingpong/firmware/mcu_ws/install/libmicroros.a(librcutils-time.c.obj)
                0x0000000008007818                rcutils_time_point_value_as_nanoseconds_string
 .text.rcutils_system_time_now
                0x000000000800784c       0x4c /home/nuc01/zephyr_microros_pingpong/firmware/mcu_ws/install/libmicroros.a(librcutils-time_unix.c.obj)
                0x000000000800784c                rcutils_system_time_now
 .text.rcutils_steady_time_now
                0x0000000008007898       0x4c /home/nuc01/zephyr_microros_pingpong/firmware/mcu_ws/install/libmicroros.a(librcutils-time_unix.c.obj)
                0x0000000008007898                rcutils_steady_time_now
 .text.rmw_validate_full_topic_name_with_size
                0x00000000080078e4       0xb4 /home/nuc01/zephyr_microros_pingpong/firmware/mcu_ws/install/libmicroros.a(librmw-validate_full_topic_name.c.obj)
                0x00000000080078e4                rmw_validate_full_topic_name_with_size
 .text.rmw_create_publisher
                0x0000000008007998      0x1ac /home/nuc01/zephyr_microros_pingpong/firmware/mcu_ws/install/libmicroros.a(librmw_microxrcedds-rmw_publisher.c.obj)
                0x0000000008007998                rmw_create_publisher
 .text.rmw_uxrce_fini_session_memory
                0x0000000008007b44        0xc /home/nuc01/zephyr_microros_pingpong/firmware/mcu_ws/install/libmicroros.a(librmw_microxrcedds-types.c.obj)
                0x0000000008007b44                rmw_uxrce_fini_session_memory
 .text.rmw_uxrce_fini_node_memory
                0x0000000008007b50       0x48 /home/nuc01/zephyr_microros_pingpong/firmware/mcu_ws/install/libmicroros.a(librmw_microxrcedds-types.c.obj)
                0x0000000008007b50                rmw_uxrce_fini_node_memory
 .text.rmw_uxrce_fini_publisher_memory
                0x0000000008007b98       0x3c /home/nuc01/zephyr_microros_pingpong/firmware/mcu_ws/install/libmicroros.a(librmw_microxrcedds-types.c.obj)
                0x0000000008007b98                rmw_uxrce_fini_publisher_memory
 .text.rmw_uxrce_fini_subscription_memory
                0x0000000008007bd4       0x3c /home/nuc01/zephyr_microros_pingpong/firmware/mcu_ws/install/libmicroros.a(librmw_microxrcedds-types.c.obj)
                0x0000000008007bd4                rmw_uxrce_fini_subscription_memory
 .text.rmw_uxrce_fini_service_memory
                0x0000000008007c10       0x3c /home/nuc01/zephyr_microros_pingpong/firmware/mcu_ws/install/libmicroros.a(librmw_microxrcedds-types.c.obj)
                0x0000000008007c10                rmw_uxrce_fini_service_memory
 .text.rmw_uxrce_fini_client_memory
                0x0000000008007c4c       0x3c /home/nuc01/zephyr_microros_pingpong/firmware/mcu_ws/install/libmicroros.a(librmw_microxrcedds-types.c.obj)
                0x0000000008007c4c                rmw_uxrce_fini_client_memory
 .text.rmw_uxrce_fini_topic_memory
                0x0000000008007c88        0xc /home/nuc01/zephyr_microros_pingpong/firmware/mcu_ws/install/libmicroros.a(librmw_microxrcedds-types.c.obj)
                0x0000000008007c88                rmw_uxrce_fini_topic_memory
 .text.build_participant_xml
                0x0000000008007c94       0x20 /home/nuc01/zephyr_microros_pingpong/firmware/mcu_ws/install/libmicroros.a(librmw_microxrcedds-utils.c.obj)
                0x0000000008007c94                build_participant_xml
 .text.generate_name
                0x0000000008007cb4       0x28 /home/nuc01/zephyr_microros_pingpong/firmware/mcu_ws/install/libmicroros.a(librmw_microxrcedds-utils.c.obj)
                0x0000000008007cb4                generate_name
 .text.generate_type_name
                0x0000000008007cdc       0xa4 /home/nuc01/zephyr_microros_pingpong/firmware/mcu_ws/install/libmicroros.a(librmw_microxrcedds-utils.c.obj)
                0x0000000008007cdc                generate_type_name
 .text.build_topic_xml
                0x0000000008007d80       0x8c /home/nuc01/zephyr_microros_pingpong/firmware/mcu_ws/install/libmicroros.a(librmw_microxrcedds-utils.c.obj)
                0x0000000008007d80                build_topic_xml
 .text.build_xml
                0x0000000008007e0c       0x9c /home/nuc01/zephyr_microros_pingpong/firmware/mcu_ws/install/libmicroros.a(librmw_microxrcedds-utils.c.obj)
                0x0000000008007e0c                build_xml
 .text.build_datawriter_xml
                0x0000000008007ea8       0x1c /home/nuc01/zephyr_microros_pingpong/firmware/mcu_ws/install/libmicroros.a(librmw_microxrcedds-utils.c.obj)
                0x0000000008007ea8                build_datawriter_xml
 .text.build_datareader_xml
                0x0000000008007ec4       0x1c /home/nuc01/zephyr_microros_pingpong/firmware/mcu_ws/install/libmicroros.a(librmw_microxrcedds-utils.c.obj)
                0x0000000008007ec4                build_datareader_xml
 .text.get_message_typesupport_handle
                0x0000000008007ee0       0x34 /home/nuc01/zephyr_microros_pingpong/firmware/mcu_ws/install/libmicroros.a(librosidl_runtime_c-message_type_support.c.obj)
                0x0000000008007ee0                get_message_typesupport_handle
 .text.get_message_typesupport_handle_function
                0x0000000008007f14       0x4c /home/nuc01/zephyr_microros_pingpong/firmware/mcu_ws/install/libmicroros.a(librosidl_runtime_c-message_type_support.c.obj)
                0x0000000008007f14                get_message_typesupport_handle_function
 .text.get_serialized_size_std_msgs__msg__Header
                0x0000000008007f60       0x3c /home/nuc01/zephyr_microros_pingpong/firmware/mcu_ws/install/libmicroros.a(libstd_msgs__rosidl_typesupport_microxrcedds_c-header__type_support_c.c.obj)
                0x0000000008007f60                get_serialized_size_std_msgs__msg__Header
 .text._Header__cdr_deserialize
                0x0000000008007f9c       0x4c /home/nuc01/zephyr_microros_pingpong/firmware/mcu_ws/install/libmicroros.a(libstd_msgs__rosidl_typesupport_microxrcedds_c-header__type_support_c.c.obj)
 .text._Header__cdr_serialize
                0x0000000008007fe8       0x48 /home/nuc01/zephyr_microros_pingpong/firmware/mcu_ws/install/libmicroros.a(libstd_msgs__rosidl_typesupport_microxrcedds_c-header__type_support_c.c.obj)
 .text.rosidl_typesupport_microxrcedds_c__get_message_type_support_handle__std_msgs__msg__Header
                0x0000000008008030        0x8 /home/nuc01/zephyr_microros_pingpong/firmware/mcu_ws/install/libmicroros.a(libstd_msgs__rosidl_typesupport_microxrcedds_c-header__type_support_c.c.obj)
                0x0000000008008030                rosidl_typesupport_microxrcedds_c__get_message_type_support_handle__std_msgs__msg__Header
 .text.get_serialized_size_builtin_interfaces__msg__Time
                0x0000000008008038       0x40 /home/nuc01/zephyr_microros_pingpong/firmware/mcu_ws/install/libmicroros.a(libbuiltin_interfaces__rosidl_typesupport_microxrcedds_c-time__type_support_c.c.obj)
                0x0000000008008038                get_serialized_size_builtin_interfaces__msg__Time
 .text._Time__cdr_serialize
                0x0000000008008078       0x34 /home/nuc01/zephyr_microros_pingpong/firmware/mcu_ws/install/libmicroros.a(libbuiltin_interfaces__rosidl_typesupport_microxrcedds_c-time__type_support_c.c.obj)
 .text._Time__cdr_deserialize
                0x00000000080080ac       0x30 /home/nuc01/zephyr_microros_pingpong/firmware/mcu_ws/install/libmicroros.a(libbuiltin_interfaces__rosidl_typesupport_microxrcedds_c-time__type_support_c.c.obj)
 .text.rosidl_typesupport_microxrcedds_c__get_message_type_support_handle__builtin_interfaces__msg__Time
                0x00000000080080dc        0x8 /home/nuc01/zephyr_microros_pingpong/firmware/mcu_ws/install/libmicroros.a(libbuiltin_interfaces__rosidl_typesupport_microxrcedds_c-time__type_support_c.c.obj)
                0x00000000080080dc                rosidl_typesupport_microxrcedds_c__get_message_type_support_handle__builtin_interfaces__msg__Time
 .text.read_submessage_list
                0x00000000080080e4      0x27c /home/nuc01/zephyr_microros_pingpong/firmware/mcu_ws/install/libmicroros.a(libmicroxrcedds_client-session.c.obj)
 .text.uxr_create_input_reliable_stream
                0x0000000008008360       0x34 /home/nuc01/zephyr_microros_pingpong/firmware/mcu_ws/install/libmicroros.a(libmicroxrcedds_client-session.c.obj)
                0x0000000008008360                uxr_create_input_reliable_stream
 .text.uxr_buffer_create_session
                0x0000000008008394       0x60 /home/nuc01/zephyr_microros_pingpong/firmware/mcu_ws/install/libmicroros.a(libmicroxrcedds_client-session_info.c.obj)
                0x0000000008008394                uxr_buffer_create_session
 .text.uxr_buffer_delete_session
                0x00000000080083f4       0x34 /home/nuc01/zephyr_microros_pingpong/firmware/mcu_ws/install/libmicroros.a(libmicroxrcedds_client-session_info.c.obj)
                0x00000000080083f4                uxr_buffer_delete_session
 .text.uxr_nanos
                0x0000000008008428       0x2c /home/nuc01/zephyr_microros_pingpong/firmware/mcu_ws/install/libmicroros.a(libmicroxrcedds_client-time.c.obj)
                0x0000000008008428                uxr_nanos
 .text.uxr_millis
                0x0000000008008454       0x14 /home/nuc01/zephyr_microros_pingpong/firmware/mcu_ws/install/libmicroros.a(libmicroxrcedds_client-time.c.obj)
                0x0000000008008454                uxr_millis
 .text.rcl_take_response_with_info
                0x0000000008008468       0xe0 /home/nuc01/zephyr_microros_pingpong/firmware/mcu_ws/install/libmicroros.a(librcl-client.c.obj)
                0x0000000008008468                rcl_take_response_with_info
 .text.rcl_get_zero_initialized_context
                0x0000000008008548       0x1c /home/nuc01/zephyr_microros_pingpong/firmware/mcu_ws/install/libmicroros.a(librcl-context.c.obj)
                0x0000000008008548                rcl_get_zero_initialized_context
 .text.rcl_expand_topic_name
                0x0000000008008564      0x264 /home/nuc01/zephyr_microros_pingpong/firmware/mcu_ws/install/libmicroros.a(librcl-expand_topic_name.c.obj)
                0x0000000008008564                rcl_expand_topic_name
 .text.rcl_init
                0x00000000080087c8      0x23c /home/nuc01/zephyr_microros_pingpong/firmware/mcu_ws/install/libmicroros.a(librcl-init.c.obj)
                0x00000000080087c8                rcl_init
 .text.rcl_init_options_copy
                0x0000000008008a04      0x148 /home/nuc01/zephyr_microros_pingpong/firmware/mcu_ws/install/libmicroros.a(librcl-init_options.c.obj)
                0x0000000008008a04                rcl_init_options_copy
 .text.rcl_get_localhost_only
                0x0000000008008b4c       0x40 /home/nuc01/zephyr_microros_pingpong/firmware/mcu_ws/install/libmicroros.a(librcl-localhost.c.obj)
                0x0000000008008b4c                rcl_get_localhost_only
 .text.rcl_create_node_logger_name
                0x0000000008008b8c       0x78 /home/nuc01/zephyr_microros_pingpong/firmware/mcu_ws/install/libmicroros.a(librcl-node.c.obj)
                0x0000000008008b8c                rcl_create_node_logger_name
 .text.rcl_get_zero_initialized_node
                0x0000000008008c04       0x14 /home/nuc01/zephyr_microros_pingpong/firmware/mcu_ws/install/libmicroros.a(librcl-node.c.obj)
                0x0000000008008c04                rcl_get_zero_initialized_node
 .text.rcl_node_init
                0x0000000008008c18      0x3b8 /home/nuc01/zephyr_microros_pingpong/firmware/mcu_ws/install/libmicroros.a(librcl-node.c.obj)
                0x0000000008008c18                rcl_node_init
 .text.rcl_node_get_default_options
                0x0000000008008fd0       0x34 /home/nuc01/zephyr_microros_pingpong/firmware/mcu_ws/install/libmicroros.a(librcl-node_options.c.obj)
                0x0000000008008fd0                rcl_node_get_default_options
 .text.dupenv   0x0000000008009004       0x4c /home/nuc01/zephyr_microros_pingpong/firmware/mcu_ws/install/libmicroros.a(librcl-security.c.obj)
 .text.rcl_security_enabled
                0x0000000008009050       0x3c /home/nuc01/zephyr_microros_pingpong/firmware/mcu_ws/install/libmicroros.a(librcl-security.c.obj)
                0x0000000008009050                rcl_security_enabled
 .text.rcl_get_enforcement_policy
                0x000000000800908c       0x3c /home/nuc01/zephyr_microros_pingpong/firmware/mcu_ws/install/libmicroros.a(librcl-security.c.obj)
                0x000000000800908c                rcl_get_enforcement_policy
 .text.exact_match_lookup
                0x00000000080090c8       0x78 /home/nuc01/zephyr_microros_pingpong/firmware/mcu_ws/install/libmicroros.a(librcl-security.c.obj)
                0x00000000080090c8                exact_match_lookup
 .text.rcl_get_secure_root
                0x0000000008009140       0x88 /home/nuc01/zephyr_microros_pingpong/firmware/mcu_ws/install/libmicroros.a(librcl-security.c.obj)
                0x0000000008009140                rcl_get_secure_root
 .text.rcl_get_security_options_from_environment
                0x00000000080091c8       0xd0 /home/nuc01/zephyr_microros_pingpong/firmware/mcu_ws/install/libmicroros.a(librcl-security.c.obj)
                0x00000000080091c8                rcl_get_security_options_from_environment
 .text.rcl_take_request_with_info
                0x0000000008009298       0xe0 /home/nuc01/zephyr_microros_pingpong/firmware/mcu_ws/install/libmicroros.a(librcl-service.c.obj)
                0x0000000008009298                rcl_take_request_with_info
 .text.rcl_send_response
                0x0000000008009378       0x74 /home/nuc01/zephyr_microros_pingpong/firmware/mcu_ws/install/libmicroros.a(librcl-service.c.obj)
                0x0000000008009378                rcl_send_response
 .text.rcl_get_zero_initialized_subscription
                0x00000000080093ec        0xc /home/nuc01/zephyr_microros_pingpong/firmware/mcu_ws/install/libmicroros.a(librcl-subscription.c.obj)
                0x00000000080093ec                rcl_get_zero_initialized_subscription
 .text.rcl_subscription_init
                0x00000000080093f8      0x2c0 /home/nuc01/zephyr_microros_pingpong/firmware/mcu_ws/install/libmicroros.a(librcl-subscription.c.obj)
                0x00000000080093f8                rcl_subscription_init
 .text.rcl_subscription_get_default_options
                0x00000000080096b8       0x54 /home/nuc01/zephyr_microros_pingpong/firmware/mcu_ws/install/libmicroros.a(librcl-subscription.c.obj)
                0x00000000080096b8                rcl_subscription_get_default_options
 .text.rcl_take
                0x000000000800970c      0x104 /home/nuc01/zephyr_microros_pingpong/firmware/mcu_ws/install/libmicroros.a(librcl-subscription.c.obj)
                0x000000000800970c                rcl_take
 .text.rcl_ros_clock_init
                0x0000000008009810       0x58 /home/nuc01/zephyr_microros_pingpong/firmware/mcu_ws/install/libmicroros.a(librcl-time.c.obj)
                0x0000000008009810                rcl_ros_clock_init
 .text.rcl_steady_clock_init
                0x0000000008009868       0x34 /home/nuc01/zephyr_microros_pingpong/firmware/mcu_ws/install/libmicroros.a(librcl-time.c.obj)
                0x0000000008009868                rcl_steady_clock_init
 .text.rcl_system_clock_init
                0x000000000800989c       0x34 /home/nuc01/zephyr_microros_pingpong/firmware/mcu_ws/install/libmicroros.a(librcl-time.c.obj)
                0x000000000800989c                rcl_system_clock_init
 .text._rcl_timer_time_jump
                0x00000000080098d0      0x1c4 /home/nuc01/zephyr_microros_pingpong/firmware/mcu_ws/install/libmicroros.a(librcl-timer.c.obj)
                0x00000000080098d0                _rcl_timer_time_jump
 .text.rcl_get_zero_initialized_timer
                0x0000000008009a94        0xc /home/nuc01/zephyr_microros_pingpong/firmware/mcu_ws/install/libmicroros.a(librcl-timer.c.obj)
                0x0000000008009a94                rcl_get_zero_initialized_timer
 .text.rcl_timer_init
                0x0000000008009aa0      0x21c /home/nuc01/zephyr_microros_pingpong/firmware/mcu_ws/install/libmicroros.a(librcl-timer.c.obj)
                0x0000000008009aa0                rcl_timer_init
 .text.rcl_timer_call
                0x0000000008009cbc      0x140 /home/nuc01/zephyr_microros_pingpong/firmware/mcu_ws/install/libmicroros.a(librcl-timer.c.obj)
                0x0000000008009cbc                rcl_timer_call
 .text.rcl_validate_enclave_name_with_size
                0x0000000008009dfc       0x90 /home/nuc01/zephyr_microros_pingpong/firmware/mcu_ws/install/libmicroros.a(librcl-validate_enclave_name.c.obj)
                0x0000000008009dfc                rcl_validate_enclave_name_with_size
 .text.rcl_validate_topic_name_with_size
                0x0000000008009e8c      0x14c /home/nuc01/zephyr_microros_pingpong/firmware/mcu_ws/install/libmicroros.a(librcl-validate_topic_name.c.obj)
                0x0000000008009e8c                rcl_validate_topic_name_with_size
 .text.rcl_get_zero_initialized_wait_set
                0x0000000008009fd8       0x20 /home/nuc01/zephyr_microros_pingpong/firmware/mcu_ws/install/libmicroros.a(librcl-wait.c.obj)
                0x0000000008009fd8                rcl_get_zero_initialized_wait_set
 .text.__wait_set_clean_up
                0x0000000008009ff8       0x44 /home/nuc01/zephyr_microros_pingpong/firmware/mcu_ws/install/libmicroros.a(librcl-wait.c.obj)
 .text.rcl_wait_set_init
                0x000000000800a03c      0x144 /home/nuc01/zephyr_microros_pingpong/firmware/mcu_ws/install/libmicroros.a(librcl-wait.c.obj)
                0x000000000800a03c                rcl_wait_set_init
 .text.get_memory_lock
                0x000000000800a180       0x30 /home/nuc01/zephyr_microros_pingpong/firmware/mcu_ws/install/libmicroros.a(librcutils-atomic_64bits.c.obj)
 .text.rcutils_join_path
                0x000000000800a1b0       0x44 /home/nuc01/zephyr_microros_pingpong/firmware/mcu_ws/install/libmicroros.a(librcutils-filesystem.c.obj)
                0x000000000800a1b0                rcutils_join_path
 .text.rcutils_to_native_path
                0x000000000800a1f4       0x28 /home/nuc01/zephyr_microros_pingpong/firmware/mcu_ws/install/libmicroros.a(librcutils-filesystem.c.obj)
                0x000000000800a1f4                rcutils_to_native_path
 .text.rcutils_get_env
                0x000000000800a21c       0x30 /home/nuc01/zephyr_microros_pingpong/firmware/mcu_ws/install/libmicroros.a(librcutils-get_env.c.obj)
                0x000000000800a21c                rcutils_get_env
 .text.rmw_get_zero_initialized_message_info
                0x000000000800a24c       0x20 /home/nuc01/zephyr_microros_pingpong/firmware/mcu_ws/install/libmicroros.a(librmw-types.c.obj)
                0x000000000800a24c                rmw_get_zero_initialized_message_info
 .text.rmw_validate_namespace_with_size
                0x000000000800a26c       0x94 /home/nuc01/zephyr_microros_pingpong/firmware/mcu_ws/install/libmicroros.a(librmw-validate_namespace.c.obj)
                0x000000000800a26c                rmw_validate_namespace_with_size
 .text.rmw_namespace_validation_result_string
                0x000000000800a300       0x18 /home/nuc01/zephyr_microros_pingpong/firmware/mcu_ws/install/libmicroros.a(librmw-validate_namespace.c.obj)
                0x000000000800a300                rmw_namespace_validation_result_string
 .text.rmw_validate_node_name_with_size
                0x000000000800a318       0x78 /home/nuc01/zephyr_microros_pingpong/firmware/mcu_ws/install/libmicroros.a(librmw-validate_node_name.c.obj)
                0x000000000800a318                rmw_validate_node_name_with_size
 .text.rmw_node_name_validation_result_string
                0x000000000800a390       0x18 /home/nuc01/zephyr_microros_pingpong/firmware/mcu_ws/install/libmicroros.a(librmw-validate_node_name.c.obj)
                0x000000000800a390                rmw_node_name_validation_result_string
 .text.rmw_get_implementation_identifier
                0x000000000800a3a8        0xc /home/nuc01/zephyr_microros_pingpong/firmware/mcu_ws/install/libmicroros.a(librmw_microxrcedds-rmw_get_implementation_identifier.c.obj)
                0x000000000800a3a8                rmw_get_implementation_identifier
 .text.rmw_init_options_init
                0x000000000800a3b4       0x88 /home/nuc01/zephyr_microros_pingpong/firmware/mcu_ws/install/libmicroros.a(librmw_microxrcedds-rmw_init.c.obj)
                0x000000000800a3b4                rmw_init_options_init
 .text.rmw_init_options_copy
                0x000000000800a43c       0x60 /home/nuc01/zephyr_microros_pingpong/firmware/mcu_ws/install/libmicroros.a(librmw_microxrcedds-rmw_init.c.obj)
                0x000000000800a43c                rmw_init_options_copy
 .text.rmw_init_options_fini
                0x000000000800a49c       0x54 /home/nuc01/zephyr_microros_pingpong/firmware/mcu_ws/install/libmicroros.a(librmw_microxrcedds-rmw_init.c.obj)
                0x000000000800a49c                rmw_init_options_fini
 .text.rmw_init
                0x000000000800a4f0      0x1e8 /home/nuc01/zephyr_microros_pingpong/firmware/mcu_ws/install/libmicroros.a(librmw_microxrcedds-rmw_init.c.obj)
                0x000000000800a4f0                rmw_init
 .text.rmw_context_fini
                0x000000000800a6d8       0x44 /home/nuc01/zephyr_microros_pingpong/firmware/mcu_ws/install/libmicroros.a(librmw_microxrcedds-rmw_init.c.obj)
                0x000000000800a6d8                rmw_context_fini
 .text.create_topic
                0x000000000800a71c       0x98 /home/nuc01/zephyr_microros_pingpong/firmware/mcu_ws/install/libmicroros.a(librmw_microxrcedds-rmw_microxrcedds_topic.c.obj)
                0x000000000800a71c                create_topic
 .text.create_node
                0x000000000800a7b4       0xec /home/nuc01/zephyr_microros_pingpong/firmware/mcu_ws/install/libmicroros.a(librmw_microxrcedds-rmw_node.c.obj)
                0x000000000800a7b4                create_node
 .text.rmw_destroy_node
                0x000000000800a8a0       0xcc /home/nuc01/zephyr_microros_pingpong/firmware/mcu_ws/install/libmicroros.a(librmw_microxrcedds-rmw_node.c.obj)
                0x000000000800a8a0                rmw_destroy_node
 .text.rmw_create_subscription
                0x000000000800a96c      0x1d0 /home/nuc01/zephyr_microros_pingpong/firmware/mcu_ws/install/libmicroros.a(librmw_microxrcedds-rmw_subscription.c.obj)
                0x000000000800a96c                rmw_create_subscription
 .text.on_full_input_buffer
                0x000000000800ab3c       0x60 /home/nuc01/zephyr_microros_pingpong/firmware/mcu_ws/install/libmicroros.a(libmicroxrcedds_client-input_reliable_stream.c.obj)
 .text.uxr_next_input_reliable_buffer_available
                0x000000000800ab9c       0x94 /home/nuc01/zephyr_microros_pingpong/firmware/mcu_ws/install/libmicroros.a(libmicroxrcedds_client-input_reliable_stream.c.obj)
                0x000000000800ab9c                uxr_next_input_reliable_buffer_available
 .text.on_full_output_buffer
                0x000000000800ac30       0x50 /home/nuc01/zephyr_microros_pingpong/firmware/mcu_ws/install/libmicroros.a(libmicroxrcedds_client-output_reliable_stream.c.obj)
 .text.uxr_prepare_reliable_buffer_to_write
                0x000000000800ac80      0x1ec /home/nuc01/zephyr_microros_pingpong/firmware/mcu_ws/install/libmicroros.a(libmicroxrcedds_client-output_reliable_stream.c.obj)
                0x000000000800ac80                uxr_prepare_reliable_buffer_to_write
 .text.get_serial_error
                0x000000000800ae6c        0xc /home/nuc01/zephyr_microros_pingpong/firmware/mcu_ws/install/libmicroros.a(libmicroxrcedds_client-serial_transport.c.obj)
 .text.recv_serial_msg
                0x000000000800ae78       0x88 /home/nuc01/zephyr_microros_pingpong/firmware/mcu_ws/install/libmicroros.a(libmicroxrcedds_client-serial_transport.c.obj)
 .text.send_serial_msg
                0x000000000800af00       0x44 /home/nuc01/zephyr_microros_pingpong/firmware/mcu_ws/install/libmicroros.a(libmicroxrcedds_client-serial_transport.c.obj)
 .text.uxr_init_serial_transport
                0x000000000800af44       0x60 /home/nuc01/zephyr_microros_pingpong/firmware/mcu_ws/install/libmicroros.a(libmicroxrcedds_client-serial_transport.c.obj)
                0x000000000800af44                uxr_init_serial_transport
 .text.uart_fifo_callback
                0x000000000800afa4       0x6c /home/nuc01/zephyr_microros_pingpong/firmware/mcu_ws/install/libmicroros.a(libmicroxrcedds_client-serial_transport_external.c.obj)
 .text.uxr_init_serial_platform
                0x000000000800b010       0x68 /home/nuc01/zephyr_microros_pingpong/firmware/mcu_ws/install/libmicroros.a(libmicroxrcedds_client-serial_transport_external.c.obj)
                0x000000000800b010                uxr_init_serial_platform
 .text.uxr_read_serial_data_platform
                0x000000000800b078       0x54 /home/nuc01/zephyr_microros_pingpong/firmware/mcu_ws/install/libmicroros.a(libmicroxrcedds_client-serial_transport_external.c.obj)
                0x000000000800b078                uxr_read_serial_data_platform
 .text.rcl_get_default_domain_id
                0x000000000800b0cc       0x64 /home/nuc01/zephyr_microros_pingpong/firmware/mcu_ws/install/libmicroros.a(librcl-domain_id.c.obj)
                0x000000000800b0cc                rcl_get_default_domain_id
 .text.rcl_get_zero_initialized_guard_condition
                0x000000000800b130       0x14 /home/nuc01/zephyr_microros_pingpong/firmware/mcu_ws/install/libmicroros.a(librcl-guard_condition.c.obj)
                0x000000000800b130                rcl_get_zero_initialized_guard_condition
 .text.rcl_guard_condition_get_default_options
                0x000000000800b144       0x34 /home/nuc01/zephyr_microros_pingpong/firmware/mcu_ws/install/libmicroros.a(librcl-guard_condition.c.obj)
                0x000000000800b144                rcl_guard_condition_get_default_options
 .text.on_topic
                0x000000000800b178       0x6c /home/nuc01/zephyr_microros_pingpong/firmware/mcu_ws/install/libmicroros.a(librmw_microxrcedds-callbacks.c.obj)
                0x000000000800b178                on_topic
 .text.on_request
                0x000000000800b1e4       0x80 /home/nuc01/zephyr_microros_pingpong/firmware/mcu_ws/install/libmicroros.a(librmw_microxrcedds-callbacks.c.obj)
                0x000000000800b1e4                on_request
 .text.on_reply
                0x000000000800b264       0x70 /home/nuc01/zephyr_microros_pingpong/firmware/mcu_ws/install/libmicroros.a(librmw_microxrcedds-callbacks.c.obj)
                0x000000000800b264                on_reply
 .text.uxr_update_crc
                0x000000000800b2d4       0x18 /home/nuc01/zephyr_microros_pingpong/firmware/mcu_ws/install/libmicroros.a(libmicroxrcedds_client-serial_protocol.c.obj)
                0x000000000800b2d4                uxr_update_crc
 .text.__assert_func
                0x000000000800b2ec       0x54 /home/nuc01/zephyr_microros_pingpong/firmware/zephyr-sdk/arm-zephyr-eabi/arm-zephyr-eabi/lib/thumb/v7e-m/nofp/libc.a(lib_a-assert.o)
                0x000000000800b2ec                __assert_func
 .text.calloc   0x000000000800b340       0x28 /home/nuc01/zephyr_microros_pingpong/firmware/zephyr-sdk/arm-zephyr-eabi/arm-zephyr-eabi/lib/thumb/v7e-m/nofp/libc.a(lib_a-calloc.o)
                0x000000000800b340                calloc
 .text.fileno   0x000000000800b368       0x54 /home/nuc01/zephyr_microros_pingpong/firmware/zephyr-sdk/arm-zephyr-eabi/arm-zephyr-eabi/lib/thumb/v7e-m/nofp/libc.a(lib_a-fileno.o)
                0x000000000800b368                fileno
 .text.std      0x000000000800b3bc       0x8c /home/nuc01/zephyr_microros_pingpong/firmware/zephyr-sdk/arm-zephyr-eabi/arm-zephyr-eabi/lib/thumb/v7e-m/nofp/libc.a(lib_a-findfp.o)
 .text._cleanup_r
                0x000000000800b448       0x20 /home/nuc01/zephyr_microros_pingpong/firmware/zephyr-sdk/arm-zephyr-eabi/arm-zephyr-eabi/lib/thumb/v7e-m/nofp/libc.a(lib_a-findfp.o)
                0x000000000800b448                _cleanup_r
 .text.__sinit  0x000000000800b468       0x64 /home/nuc01/zephyr_microros_pingpong/firmware/zephyr-sdk/arm-zephyr-eabi/arm-zephyr-eabi/lib/thumb/v7e-m/nofp/libc.a(lib_a-findfp.o)
                0x000000000800b468                __sinit
 .text.fiprintf
                0x000000000800b4cc       0x34 /home/nuc01/zephyr_microros_pingpong/firmware/zephyr-sdk/arm-zephyr-eabi/arm-zephyr-eabi/lib/thumb/v7e-m/nofp/libc.a(lib_a-fiprintf.o)
                0x000000000800b4cc                fiprintf
 .text.fprintf  0x000000000800b500       0x34 /home/nuc01/zephyr_microros_pingpong/firmware/zephyr-sdk/arm-zephyr-eabi/arm-zephyr-eabi/lib/thumb/v7e-m/nofp/libc.a(lib_a-fprintf.o)
                0x000000000800b500                fprintf
 .text.getenv   0x000000000800b534       0x28 /home/nuc01/zephyr_microros_pingpong/firmware/zephyr-sdk/arm-zephyr-eabi/arm-zephyr-eabi/lib/thumb/v7e-m/nofp/libc.a(lib_a-getenv.o)
                0x000000000800b534                getenv
 .text._findenv_r
                0x000000000800b55c       0xb4 /home/nuc01/zephyr_microros_pingpong/firmware/zephyr-sdk/arm-zephyr-eabi/arm-zephyr-eabi/lib/thumb/v7e-m/nofp/libc.a(lib_a-getenv_r.o)
                0x000000000800b55c                _findenv_r
 .text.malloc   0x000000000800b610       0x24 /home/nuc01/zephyr_microros_pingpong/firmware/zephyr-sdk/arm-zephyr-eabi/arm-zephyr-eabi/lib/thumb/v7e-m/nofp/libc.a(lib_a-malloc.o)
                0x000000000800b610                malloc
 .text.free     0x000000000800b634       0x20 /home/nuc01/zephyr_microros_pingpong/firmware/zephyr-sdk/arm-zephyr-eabi/arm-zephyr-eabi/lib/thumb/v7e-m/nofp/libc.a(lib_a-malloc.o)
                0x000000000800b634                free
 .text.malloc_extend_top
                0x000000000800b654      0x230 /home/nuc01/zephyr_microros_pingpong/firmware/zephyr-sdk/arm-zephyr-eabi/arm-zephyr-eabi/lib/thumb/v7e-m/nofp/libc.a(lib_a-mallocr.o)
 .text._malloc_r
                0x000000000800b884      0x5fc /home/nuc01/zephyr_microros_pingpong/firmware/zephyr-sdk/arm-zephyr-eabi/arm-zephyr-eabi/lib/thumb/v7e-m/nofp/libc.a(lib_a-mallocr.o)
                0x000000000800b884                _malloc_r
 .text.printf   0x000000000800be80       0x38 /home/nuc01/zephyr_microros_pingpong/firmware/zephyr-sdk/arm-zephyr-eabi/arm-zephyr-eabi/lib/thumb/v7e-m/nofp/libc.a(lib_a-printf.o)
                0x000000000800be80                printf
 .text.srand    0x000000000800beb8       0x2c /home/nuc01/zephyr_microros_pingpong/firmware/zephyr-sdk/arm-zephyr-eabi/arm-zephyr-eabi/lib/thumb/v7e-m/nofp/libc.a(lib_a-rand.o)
                0x000000000800beb8                srand
 .text.rand     0x000000000800bee4       0x64 /home/nuc01/zephyr_microros_pingpong/firmware/zephyr-sdk/arm-zephyr-eabi/arm-zephyr-eabi/lib/thumb/v7e-m/nofp/libc.a(lib_a-rand.o)
                0x000000000800bee4                rand
 .text.realloc  0x000000000800bf48       0x28 /home/nuc01/zephyr_microros_pingpong/firmware/zephyr-sdk/arm-zephyr-eabi/arm-zephyr-eabi/lib/thumb/v7e-m/nofp/libc.a(lib_a-realloc.o)
                0x000000000800bf48                realloc
 .text._realloc_r
                0x000000000800bf70      0x654 /home/nuc01/zephyr_microros_pingpong/firmware/zephyr-sdk/arm-zephyr-eabi/arm-zephyr-eabi/lib/thumb/v7e-m/nofp/libc.a(lib_a-reallocr.o)
                0x000000000800bf70                _realloc_r
 .text._sbrk_r  0x000000000800c5c4       0x40 /home/nuc01/zephyr_microros_pingpong/firmware/zephyr-sdk/arm-zephyr-eabi/arm-zephyr-eabi/lib/thumb/v7e-m/nofp/libc.a(lib_a-sbrkr.o)
                0x000000000800c5c4                _sbrk_r
 .text.setvbuf  0x000000000800c604      0x1ac /home/nuc01/zephyr_microros_pingpong/firmware/zephyr-sdk/arm-zephyr-eabi/arm-zephyr-eabi/lib/thumb/v7e-m/nofp/libc.a(lib_a-setvbuf.o)
                0x000000000800c604                setvbuf
 .text.snprintf
                0x000000000800c7b0       0x94 /home/nuc01/zephyr_microros_pingpong/firmware/zephyr-sdk/arm-zephyr-eabi/arm-zephyr-eabi/lib/thumb/v7e-m/nofp/libc.a(lib_a-snprintf.o)
                0x000000000800c7b0                snprintf
 .text.sprintf  0x000000000800c844       0x5c /home/nuc01/zephyr_microros_pingpong/firmware/zephyr-sdk/arm-zephyr-eabi/arm-zephyr-eabi/lib/thumb/v7e-m/nofp/libc.a(lib_a-sprintf.o)
                0x000000000800c844                sprintf
 .text.strcpy   0x000000000800c8a0       0xc0 /home/nuc01/zephyr_microros_pingpong/firmware/zephyr-sdk/arm-zephyr-eabi/arm-zephyr-eabi/lib/thumb/v7e-m/nofp/libc.a(lib_a-strcpy.o)
                0x000000000800c8a0                strcpy
 .text.__get_global_locale
                0x000000000800c960       0x14 /home/nuc01/zephyr_microros_pingpong/firmware/zephyr-sdk/arm-zephyr-eabi/arm-zephyr-eabi/lib/thumb/v7e-m/nofp/libc.a(lib_a-strtol.o)
 .text._strtol_l
                0x000000000800c974      0x160 /home/nuc01/zephyr_microros_pingpong/firmware/zephyr-sdk/arm-zephyr-eabi/arm-zephyr-eabi/lib/thumb/v7e-m/nofp/libc.a(lib_a-strtol.o)
 .text.strtol   0x000000000800cad4       0x34 /home/nuc01/zephyr_microros_pingpong/firmware/zephyr-sdk/arm-zephyr-eabi/arm-zephyr-eabi/lib/thumb/v7e-m/nofp/libc.a(lib_a-strtol.o)
                0x000000000800cad4                strtol
 .text.__get_global_locale
                0x000000000800cb08       0x14 /home/nuc01/zephyr_microros_pingpong/firmware/zephyr-sdk/arm-zephyr-eabi/arm-zephyr-eabi/lib/thumb/v7e-m/nofp/libc.a(lib_a-strtoul.o)
 .text._strtoul_l
                0x000000000800cb1c      0x148 /home/nuc01/zephyr_microros_pingpong/firmware/zephyr-sdk/arm-zephyr-eabi/arm-zephyr-eabi/lib/thumb/v7e-m/nofp/libc.a(lib_a-strtoul.o)
 .text.strtoul  0x000000000800cc64       0x34 /home/nuc01/zephyr_microros_pingpong/firmware/zephyr-sdk/arm-zephyr-eabi/arm-zephyr-eabi/lib/thumb/v7e-m/nofp/libc.a(lib_a-strtoul.o)
                0x000000000800cc64                strtoul
 .text._svfprintf_r
                0x000000000800cc98     0x1850 /home/nuc01/zephyr_microros_pingpong/firmware/zephyr-sdk/arm-zephyr-eabi/arm-zephyr-eabi/lib/thumb/v7e-m/nofp/libc.a(lib_a-svfprintf.o)
                0x000000000800cc98                _svfprintf_r
 .text.exponent
                0x000000000800e4e8       0xc8 /home/nuc01/zephyr_microros_pingpong/firmware/zephyr-sdk/arm-zephyr-eabi/arm-zephyr-eabi/lib/thumb/v7e-m/nofp/libc.a(lib_a-svfprintf.o)
 .text._vfiprintf_r
                0x000000000800e5b0      0xd18 /home/nuc01/zephyr_microros_pingpong/firmware/zephyr-sdk/arm-zephyr-eabi/arm-zephyr-eabi/lib/thumb/v7e-m/nofp/libc.a(lib_a-vfiprintf.o)
                0x000000000800e5b0                _vfiprintf_r
 .text._vfprintf_r
                0x000000000800f2c8     0x1968 /home/nuc01/zephyr_microros_pingpong/firmware/zephyr-sdk/arm-zephyr-eabi/arm-zephyr-eabi/lib/thumb/v7e-m/nofp/libc.a(lib_a-vfprintf.o)
                0x000000000800f2c8                _vfprintf_r
 .text.exponent
                0x0000000008010c30       0xc8 /home/nuc01/zephyr_microros_pingpong/firmware/zephyr-sdk/arm-zephyr-eabi/arm-zephyr-eabi/lib/thumb/v7e-m/nofp/libc.a(lib_a-vfprintf.o)
 .text.vsnprintf
                0x0000000008010cf8       0x30 /home/nuc01/zephyr_microros_pingpong/firmware/zephyr-sdk/arm-zephyr-eabi/arm-zephyr-eabi/lib/thumb/v7e-m/nofp/libc.a(lib_a-vsnprintf.o)
                0x0000000008010cf8                vsnprintf
 .text.vsprintf
                0x0000000008010d28       0x28 /home/nuc01/zephyr_microros_pingpong/firmware/zephyr-sdk/arm-zephyr-eabi/arm-zephyr-eabi/lib/thumb/v7e-m/nofp/libc.a(lib_a-vsprintf.o)
                0x0000000008010d28                vsprintf
 .text._write_r
                0x0000000008010d50       0x48 /home/nuc01/zephyr_microros_pingpong/firmware/zephyr-sdk/arm-zephyr-eabi/arm-zephyr-eabi/lib/thumb/v7e-m/nofp/libc.a(lib_a-writer.o)
                0x0000000008010d50                _write_r
 .text.__swsetup_r
                0x0000000008010d98      0x134 /home/nuc01/zephyr_microros_pingpong/firmware/zephyr-sdk/arm-zephyr-eabi/arm-zephyr-eabi/lib/thumb/v7e-m/nofp/libc.a(lib_a-wsetup.o)
                0x0000000008010d98                __swsetup_r
 .text.__xpg_strerror_r
                0x0000000008010ecc       0x80 /home/nuc01/zephyr_microros_pingpong/firmware/zephyr-sdk/arm-zephyr-eabi/arm-zephyr-eabi/lib/thumb/v7e-m/nofp/libc.a(lib_a-xpg_strerror_r.o)
                0x0000000008010ecc                __xpg_strerror_r
 .text._close_r
                0x0000000008010f4c       0x40 /home/nuc01/zephyr_microros_pingpong/firmware/zephyr-sdk/arm-zephyr-eabi/arm-zephyr-eabi/lib/thumb/v7e-m/nofp/libc.a(lib_a-closer.o)
                0x0000000008010f4c                _close_r
 .text._free_r  0x0000000008010f8c      0x2e0 /home/nuc01/zephyr_microros_pingpong/firmware/zephyr-sdk/arm-zephyr-eabi/arm-zephyr-eabi/lib/thumb/v7e-m/nofp/libc.a(lib_a-freer.o)
                0x0000000008010f8c                _free_r
 .text._malloc_trim_r
                0x000000000801126c      0x100 /home/nuc01/zephyr_microros_pingpong/firmware/zephyr-sdk/arm-zephyr-eabi/arm-zephyr-eabi/lib/thumb/v7e-m/nofp/libc.a(lib_a-freer.o)
                0x000000000801126c                _malloc_trim_r
 .text.__sfvwrite_r
                0x000000000801136c      0x3b8 /home/nuc01/zephyr_microros_pingpong/firmware/zephyr-sdk/arm-zephyr-eabi/arm-zephyr-eabi/lib/thumb/v7e-m/nofp/libc.a(lib_a-fvwrite.o)
                0x000000000801136c                __sfvwrite_r
 .text.__get_global_locale
                0x0000000008011724       0x14 /home/nuc01/zephyr_microros_pingpong/firmware/zephyr-sdk/arm-zephyr-eabi/arm-zephyr-eabi/lib/thumb/v7e-m/nofp/libc.a(lib_a-localeconv.o)
 .text._lseek_r
                0x0000000008011738       0x48 /home/nuc01/zephyr_microros_pingpong/firmware/zephyr-sdk/arm-zephyr-eabi/arm-zephyr-eabi/lib/thumb/v7e-m/nofp/libc.a(lib_a-lseekr.o)
                0x0000000008011738                _lseek_r
 .text.__smakebuf_r
                0x0000000008011780       0xd8 /home/nuc01/zephyr_microros_pingpong/firmware/zephyr-sdk/arm-zephyr-eabi/arm-zephyr-eabi/lib/thumb/v7e-m/nofp/libc.a(lib_a-makebuf.o)
                0x0000000008011780                __smakebuf_r
 .text.__pow5mult
                0x0000000008011858       0xd4 /home/nuc01/zephyr_microros_pingpong/firmware/zephyr-sdk/arm-zephyr-eabi/arm-zephyr-eabi/lib/thumb/v7e-m/nofp/libc.a(lib_a-mprec.o)
                0x0000000008011858                __pow5mult
 .text._read_r  0x000000000801192c       0x48 /home/nuc01/zephyr_microros_pingpong/firmware/zephyr-sdk/arm-zephyr-eabi/arm-zephyr-eabi/lib/thumb/v7e-m/nofp/libc.a(lib_a-readr.o)
                0x000000000801192c                _read_r
 .text.raise    0x0000000008011974       0x24 /home/nuc01/zephyr_microros_pingpong/firmware/zephyr-sdk/arm-zephyr-eabi/arm-zephyr-eabi/lib/thumb/v7e-m/nofp/libc.a(lib_a-signal.o)
                0x0000000008011974                raise
 .text._kill_r  0x0000000008011998       0x44 /home/nuc01/zephyr_microros_pingpong/firmware/zephyr-sdk/arm-zephyr-eabi/arm-zephyr-eabi/lib/thumb/v7e-m/nofp/libc.a(lib_a-signalr.o)
                0x0000000008011998                _kill_r
 .text._strerror_r
                0x00000000080119dc      0x5a8 /home/nuc01/zephyr_microros_pingpong/firmware/zephyr-sdk/arm-zephyr-eabi/arm-zephyr-eabi/lib/thumb/v7e-m/nofp/libc.a(lib_a-strerror.o)
                0x00000000080119dc                _strerror_r
 .text._fstat_r
                0x0000000008011f84       0x44 /home/nuc01/zephyr_microros_pingpong/firmware/zephyr-sdk/arm-zephyr-eabi/arm-zephyr-eabi/lib/thumb/v7e-m/nofp/libc.a(lib_a-fstatr.o)
                0x0000000008011f84                _fstat_r
 .text._isatty_r
                0x0000000008011fc8       0x40 /home/nuc01/zephyr_microros_pingpong/firmware/zephyr-sdk/arm-zephyr-eabi/arm-zephyr-eabi/lib/thumb/v7e-m/nofp/libc.a(lib_a-isattyr.o)
                0x0000000008011fc8                _isatty_r
 .text.stdinout_read_vmeth
                0x0000000008012008        0x4 libzephyr.a(fdtable.c.obj)
 .text.stdinout_ioctl_vmeth
                0x000000000801200c       0x10 libzephyr.a(fdtable.c.obj)
 .text.stdinout_write_vmeth
                0x000000000801201c        0x8 libzephyr.a(fdtable.c.obj)
 .text.z_fdtable_call_ioctl
                0x0000000008012024       0x1e libzephyr.a(fdtable.c.obj)
 .text.sys_sem_give
                0x0000000008012042        0xa libzephyr.a(sem.c.obj)
                0x0000000008012042                sys_sem_give
 .text.sys_sem_take
                0x000000000801204c       0x1e libzephyr.a(sem.c.obj)
                0x000000000801204c                sys_sem_take
 .text.z_thread_entry
                0x000000000801206a       0x14 libzephyr.a(thread_entry.c.obj)
                0x000000000801206a                z_thread_entry
 .text.chunk_field
                0x000000000801207e       0x16 libzephyr.a(heap.c.obj)
 .text.chunk_set
                0x0000000008012094       0x16 libzephyr.a(heap.c.obj)
 .text.chunk_size
                0x00000000080120aa        0xc libzephyr.a(heap.c.obj)
 .text.set_chunk_used
                0x00000000080120b6       0x30 libzephyr.a(heap.c.obj)
 .text.set_chunk_size
                0x00000000080120e6        0x8 libzephyr.a(heap.c.obj)
 .text.bucket_idx
                0x00000000080120ee       0x1a libzephyr.a(heap.c.obj)
 .text.free_list_add
                0x0000000008012108       0x8a libzephyr.a(heap.c.obj)
 .text.sys_heap_init
                0x0000000008012192       0xa4 libzephyr.a(heap.c.obj)
                0x0000000008012192                sys_heap_init
 .text.ring_buf_get_rewind_threshold
                0x0000000008012236        0x6 libzephyr.a(ring_buffer.c.obj)
                0x0000000008012236                ring_buf_get_rewind_threshold
 .text.ring_buf_put_claim
                0x000000000801223c       0x38 libzephyr.a(ring_buffer.c.obj)
                0x000000000801223c                ring_buf_put_claim
 .text.ring_buf_put_finish
                0x0000000008012274       0x1a libzephyr.a(ring_buffer.c.obj)
                0x0000000008012274                ring_buf_put_finish
 .text.ring_buf_put
                0x000000000801228e       0x3e libzephyr.a(ring_buffer.c.obj)
                0x000000000801228e                ring_buf_put
 .text.ring_buf_get_claim
                0x00000000080122cc       0x38 libzephyr.a(ring_buffer.c.obj)
                0x00000000080122cc                ring_buf_get_claim
 .text.ring_buf_get_finish
                0x0000000008012304       0x5e libzephyr.a(ring_buffer.c.obj)
                0x0000000008012304                ring_buf_get_finish
 .text.ring_buf_get
                0x0000000008012362       0x3e libzephyr.a(ring_buffer.c.obj)
                0x0000000008012362                ring_buf_get
 .text._ConfigAbsSyms
                0x00000000080123a0        0x2 libzephyr.a(configs.c.obj)
                0x00000000080123a0                _ConfigAbsSyms
 .text.__stm32_exti_isr_0
                0x00000000080123a2        0xa libzephyr.a(intc_exti_stm32.c.obj)
 .text.__stm32_exti_isr_1
                0x00000000080123ac        0xa libzephyr.a(intc_exti_stm32.c.obj)
 .text.__stm32_exti_isr_2
                0x00000000080123b6        0xa libzephyr.a(intc_exti_stm32.c.obj)
 .text.__stm32_exti_isr_3
                0x00000000080123c0        0xa libzephyr.a(intc_exti_stm32.c.obj)
 .text.__stm32_exti_isr_4
                0x00000000080123ca        0xa libzephyr.a(intc_exti_stm32.c.obj)
 .text.__stm32_exti_isr_9_5
                0x00000000080123d4        0xa libzephyr.a(intc_exti_stm32.c.obj)
 .text.__stm32_exti_isr_15_10
                0x00000000080123de        0xa libzephyr.a(intc_exti_stm32.c.obj)
 .text.__stm32_exti_isr_16
                0x00000000080123e8        0xa libzephyr.a(intc_exti_stm32.c.obj)
 .text.__stm32_exti_isr_18
                0x00000000080123f2        0xa libzephyr.a(intc_exti_stm32.c.obj)
 .text.__stm32_exti_isr_21
                0x00000000080123fc        0xa libzephyr.a(intc_exti_stm32.c.obj)
 .text.__stm32_exti_isr_22
                0x0000000008012406        0xa libzephyr.a(intc_exti_stm32.c.obj)
 .text.stm32_exti_init
                0x0000000008012410       0x74 libzephyr.a(intc_exti_stm32.c.obj)
 .text.config_pll_init
                0x0000000008012484       0x10 libzephyr.a(clock_stm32f2_f4_f7.c.obj)
                0x0000000008012484                config_pll_init
 .text.LL_RCC_MSI_Disable
                0x0000000008012494        0x2 libzephyr.a(clock_stm32f2_f4_f7.c.obj)
                0x0000000008012494                LL_RCC_MSI_Disable
 .text.z_irq_spurious
                0x0000000008012496        0x8 arch/arch/arm/core/aarch32/libarch__arm__core__aarch32.a(irq_manage.c.obj)
                0x0000000008012496                z_irq_spurious
 .text.z_arm_fatal_error
                0x000000000801249e        0x4 arch/arch/arm/core/aarch32/libarch__arm__core__aarch32.a(fatal.c.obj)
                0x000000000801249e                z_arm_fatal_error
 .text.z_do_kernel_oops
                0x00000000080124a2        0x8 arch/arch/arm/core/aarch32/libarch__arm__core__aarch32.a(fatal.c.obj)
                0x00000000080124a2                z_do_kernel_oops
 .text.z_arm_nmi
                0x00000000080124aa        0xe arch/arch/arm/core/aarch32/libarch__arm__core__aarch32.a(nmi.c.obj)
                0x00000000080124aa                z_arm_nmi
 .text._stdout_hook_default
                0x00000000080124b8        0x6 lib/libc/newlib/liblib__libc__newlib.a(libc-hooks.c.obj)
 .text._isatty  0x00000000080124be        0xa lib/libc/newlib/liblib__libc__newlib.a(libc-hooks.c.obj)
                0x00000000080124be                isatty
                0x00000000080124be                _isatty
 .text._kill    0x00000000080124c8        0x4 lib/libc/newlib/liblib__libc__newlib.a(libc-hooks.c.obj)
                0x00000000080124c8                kill
                0x00000000080124c8                _kill
 .text._getpid  0x00000000080124cc        0x4 lib/libc/newlib/liblib__libc__newlib.a(libc-hooks.c.obj)
                0x00000000080124cc                _getpid
                0x00000000080124cc                getpid
 .text._fstat   0x00000000080124d0        0xa lib/libc/newlib/liblib__libc__newlib.a(libc-hooks.c.obj)
                0x00000000080124d0                _fstat
                0x00000000080124d0                fstat
 .text.__errno  0x00000000080124da        0x4 lib/libc/newlib/liblib__libc__newlib.a(libc-hooks.c.obj)
                0x00000000080124da                __errno
 .text.usleep   0x00000000080124de       0x26 lib/posix/liblib__posix.a(sleep.c.obj)
                0x00000000080124de                usleep
 .text.gpio_stm32_isr
                0x0000000008012504       0x36 drivers/gpio/libdrivers__gpio.a(gpio_stm32.c.obj)
 .text.gpio_stm32_port_get_raw
                0x000000000801253a        0xc drivers/gpio/libdrivers__gpio.a(gpio_stm32.c.obj)
 .text.gpio_stm32_port_set_masked_raw
                0x0000000008012546       0x12 drivers/gpio/libdrivers__gpio.a(gpio_stm32.c.obj)
 .text.gpio_stm32_port_set_bits_raw
                0x0000000008012558        0xa drivers/gpio/libdrivers__gpio.a(gpio_stm32.c.obj)
 .text.gpio_stm32_port_clear_bits_raw
                0x0000000008012562        0xc drivers/gpio/libdrivers__gpio.a(gpio_stm32.c.obj)
 .text.gpio_stm32_port_toggle_bits
                0x000000000801256e        0xe drivers/gpio/libdrivers__gpio.a(gpio_stm32.c.obj)
 .text.gpio_stm32_manage_callback
                0x000000000801257c       0x56 drivers/gpio/libdrivers__gpio.a(gpio_stm32.c.obj)
 .text.gpio_stm32_configure
                0x00000000080125d2      0x104 drivers/gpio/libdrivers__gpio.a(gpio_stm32.c.obj)
                0x00000000080125d2                gpio_stm32_configure
 .text.gpio_stm32_config
                0x00000000080126d6       0x78 drivers/gpio/libdrivers__gpio.a(gpio_stm32.c.obj)
 .text.LL_USART_ClearFlag_PE
                0x000000000801274e       0x12 drivers/serial/libdrivers__serial.a(uart_stm32.c.obj)
 .text.uart_stm32_config_get
                0x0000000008012760       0x6a drivers/serial/libdrivers__serial.a(uart_stm32.c.obj)
 .text.uart_stm32_poll_in
                0x00000000080127ca       0x22 drivers/serial/libdrivers__serial.a(uart_stm32.c.obj)
 .text.uart_stm32_poll_out
                0x00000000080127ec       0x14 drivers/serial/libdrivers__serial.a(uart_stm32.c.obj)
 .text.uart_stm32_err_check
                0x0000000008012800       0x40 drivers/serial/libdrivers__serial.a(uart_stm32.c.obj)
 .text.uart_stm32_fifo_fill
                0x0000000008012840       0x22 drivers/serial/libdrivers__serial.a(uart_stm32.c.obj)
 .text.uart_stm32_fifo_read
                0x0000000008012862       0x2c drivers/serial/libdrivers__serial.a(uart_stm32.c.obj)
 .text.uart_stm32_irq_tx_enable
                0x000000000801288e        0xe drivers/serial/libdrivers__serial.a(uart_stm32.c.obj)
 .text.uart_stm32_irq_tx_disable
                0x000000000801289c        0xe drivers/serial/libdrivers__serial.a(uart_stm32.c.obj)
 .text.uart_stm32_irq_tx_ready
                0x00000000080128aa       0x14 drivers/serial/libdrivers__serial.a(uart_stm32.c.obj)
 .text.uart_stm32_irq_tx_complete
                0x00000000080128be        0xc drivers/serial/libdrivers__serial.a(uart_stm32.c.obj)
 .text.uart_stm32_irq_rx_enable
                0x00000000080128ca        0xe drivers/serial/libdrivers__serial.a(uart_stm32.c.obj)
 .text.uart_stm32_irq_rx_disable
                0x00000000080128d8        0xe drivers/serial/libdrivers__serial.a(uart_stm32.c.obj)
 .text.uart_stm32_irq_rx_ready
                0x00000000080128e6        0xc drivers/serial/libdrivers__serial.a(uart_stm32.c.obj)
 .text.uart_stm32_irq_is_pending
                0x00000000080128f2       0x24 drivers/serial/libdrivers__serial.a(uart_stm32.c.obj)
 .text.uart_stm32_irq_update
                0x0000000008012916        0x4 drivers/serial/libdrivers__serial.a(uart_stm32.c.obj)
 .text.uart_stm32_irq_callback_set
                0x000000000801291a        0x8 drivers/serial/libdrivers__serial.a(uart_stm32.c.obj)
 .text.uart_stm32_isr
                0x0000000008012922        0xc drivers/serial/libdrivers__serial.a(uart_stm32.c.obj)
 .text.uart_stm32_irq_config_func_0
                0x000000000801292e       0x16 drivers/serial/libdrivers__serial.a(uart_stm32.c.obj)
 .text.uart_stm32_irq_config_func_1
                0x0000000008012944       0x16 drivers/serial/libdrivers__serial.a(uart_stm32.c.obj)
 .text.uart_stm32_set_baudrate
                0x000000000801295a       0x50 drivers/serial/libdrivers__serial.a(uart_stm32.c.obj)
 .text.arch_system_halt
                0x00000000080129aa       0x12 kernel/libkernel.a(fatal.c.obj)
                0x00000000080129aa                arch_system_halt
 .text.k_sys_fatal_error_handler
                0x00000000080129bc        0x6 kernel/libkernel.a(fatal.c.obj)
                0x00000000080129bc                k_sys_fatal_error_handler
 .text.z_fatal_error
                0x00000000080129c2       0x36 kernel/libkernel.a(fatal.c.obj)
                0x00000000080129c2                z_fatal_error
 .text.z_reschedule_irqlock
                0x00000000080129f8       0x18 kernel/libkernel.a(sched.c.obj)
                0x00000000080129f8                z_reschedule_irqlock
 .text.z_reschedule_unlocked
                0x0000000008012a10       0x14 kernel/libkernel.a(sched.c.obj)
 .text.unpend_thread_no_timeout
                0x0000000008012a24       0x18 kernel/libkernel.a(sched.c.obj)
 .text.z_priq_dumb_best
                0x0000000008012a3c       0x14 kernel/libkernel.a(sched.c.obj)
                0x0000000008012a3c                z_priq_dumb_best
 .text.z_ready_thread
                0x0000000008012a50       0x20 kernel/libkernel.a(sched.c.obj)